<?xml version="1.0" encoding="ISO-8859-1" ?>
<link_info>
   <banner>TI ARM Linker PC v20.2.7.LTS</banner>
   <copyright>Copyright (c) 1996-2018 Texas Instruments Incorporated</copyright>
   <link_time>0x644e287a</link_time>
   <link_errors>0x0</link_errors>
   <output_file>Embedded 1 Final Project.out</output_file>
   <entry_point>
      <name>_c_int00_noargs</name>
      <address>0x3a2d</address>
   </entry_point>
   <input_file_list>
      <input_file id="fl-2">
         <path>.\</path>
         <kind>object</kind>
         <file>Lab6_Luc_Pham.obj</file>
         <name>Lab6_Luc_Pham.obj</name>
      </input_file>
      <input_file id="fl-3">
         <path>.\</path>
         <kind>object</kind>
         <file>clock.obj</file>
         <name>clock.obj</name>
      </input_file>
      <input_file id="fl-4">
         <path>.\</path>
         <kind>object</kind>
         <file>tm4c123gh6pm_startup_ccs.obj</file>
         <name>tm4c123gh6pm_startup_ccs.obj</name>
      </input_file>
      <input_file id="fl-5">
         <path>.\</path>
         <kind>object</kind>
         <file>uart0.obj</file>
         <name>uart0.obj</name>
      </input_file>
      <input_file id="fl-6">
         <path>.\</path>
         <kind>object</kind>
         <file>wait.obj</file>
         <name>wait.obj</name>
      </input_file>
      <input_file id="fl-a">
         <kind>object</kind>
         <file>&lt;internal&gt;</file>
         <name>&lt;internal&gt;</name>
      </input_file>
      <input_file id="fl-c0">
         <path>C:\ti\ccs1220\ccs\tools\compiler\ti-cgt-arm_20.2.7.LTS\lib\</path>
         <kind>archive</kind>
         <file>rtsv7M4_T_le_v4SPD16_eabi.lib</file>
         <name>sprintf.c.obj</name>
      </input_file>
      <input_file id="fl-c1">
         <path>C:\ti\ccs1220\ccs\tools\compiler\ti-cgt-arm_20.2.7.LTS\lib\</path>
         <kind>archive</kind>
         <file>rtsv7M4_T_le_v4SPD16_eabi.lib</file>
         <name>fd_mul_t2.asm.obj</name>
      </input_file>
      <input_file id="fl-c2">
         <path>C:\ti\ccs1220\ccs\tools\compiler\ti-cgt-arm_20.2.7.LTS\lib\</path>
         <kind>archive</kind>
         <file>rtsv7M4_T_le_v4SPD16_eabi.lib</file>
         <name>fd_tou_t2.asm.obj</name>
      </input_file>
      <input_file id="fl-c3">
         <path>C:\ti\ccs1220\ccs\tools\compiler\ti-cgt-arm_20.2.7.LTS\lib\</path>
         <kind>archive</kind>
         <file>rtsv7M4_T_le_v4SPD16_eabi.lib</file>
         <name>memcpy_t2.asm.obj</name>
      </input_file>
      <input_file id="fl-c4">
         <path>C:\ti\ccs1220\ccs\tools\compiler\ti-cgt-arm_20.2.7.LTS\lib\</path>
         <kind>archive</kind>
         <file>rtsv7M4_T_le_v4SPD16_eabi.lib</file>
         <name>u_tofd_t2.asm.obj</name>
      </input_file>
      <input_file id="fl-c5">
         <path>C:\ti\ccs1220\ccs\tools\compiler\ti-cgt-arm_20.2.7.LTS\lib\</path>
         <kind>archive</kind>
         <file>rtsv7M4_T_le_v4SPD16_eabi.lib</file>
         <name>copy_zero_init.c.obj</name>
      </input_file>
      <input_file id="fl-c6">
         <path>C:\ti\ccs1220\ccs\tools\compiler\ti-cgt-arm_20.2.7.LTS\lib\</path>
         <kind>archive</kind>
         <file>rtsv7M4_T_le_v4SPD16_eabi.lib</file>
         <name>copy_decompress_none.c.obj</name>
      </input_file>
      <input_file id="fl-c7">
         <path>C:\ti\ccs1220\ccs\tools\compiler\ti-cgt-arm_20.2.7.LTS\lib\</path>
         <kind>archive</kind>
         <file>rtsv7M4_T_le_v4SPD16_eabi.lib</file>
         <name>copy_decompress_lzss.c.obj</name>
      </input_file>
      <input_file id="fl-c8">
         <path>C:\ti\ccs1220\ccs\tools\compiler\ti-cgt-arm_20.2.7.LTS\lib\</path>
         <kind>archive</kind>
         <file>rtsv7M4_T_le_v4SPD16_eabi.lib</file>
         <name>atoi.c.obj</name>
      </input_file>
      <input_file id="fl-c9">
         <path>C:\ti\ccs1220\ccs\tools\compiler\ti-cgt-arm_20.2.7.LTS\lib\</path>
         <kind>archive</kind>
         <file>rtsv7M4_T_le_v4SPD16_eabi.lib</file>
         <name>ctype.c.obj</name>
      </input_file>
      <input_file id="fl-ca">
         <path>C:\ti\ccs1220\ccs\tools\compiler\ti-cgt-arm_20.2.7.LTS\lib\</path>
         <kind>archive</kind>
         <file>rtsv7M4_T_le_v4SPD16_eabi.lib</file>
         <name>boot_cortex_m.c.obj</name>
      </input_file>
      <input_file id="fl-cb">
         <path>C:\ti\ccs1220\ccs\tools\compiler\ti-cgt-arm_20.2.7.LTS\lib\</path>
         <kind>archive</kind>
         <file>rtsv7M4_T_le_v4SPD16_eabi.lib</file>
         <name>_printfi.c.obj</name>
      </input_file>
      <input_file id="fl-cc">
         <path>C:\ti\ccs1220\ccs\tools\compiler\ti-cgt-arm_20.2.7.LTS\lib\</path>
         <kind>archive</kind>
         <file>rtsv7M4_T_le_v4SPD16_eabi.lib</file>
         <name>fd_add_t2.asm.obj</name>
      </input_file>
      <input_file id="fl-cd">
         <path>C:\ti\ccs1220\ccs\tools\compiler\ti-cgt-arm_20.2.7.LTS\lib\</path>
         <kind>archive</kind>
         <file>rtsv7M4_T_le_v4SPD16_eabi.lib</file>
         <name>fd_cmp_t2.asm.obj</name>
      </input_file>
      <input_file id="fl-ce">
         <path>C:\ti\ccs1220\ccs\tools\compiler\ti-cgt-arm_20.2.7.LTS\lib\</path>
         <kind>archive</kind>
         <file>rtsv7M4_T_le_v4SPD16_eabi.lib</file>
         <name>fd_div_t2.asm.obj</name>
      </input_file>
      <input_file id="fl-cf">
         <path>C:\ti\ccs1220\ccs\tools\compiler\ti-cgt-arm_20.2.7.LTS\lib\</path>
         <kind>archive</kind>
         <file>rtsv7M4_T_le_v4SPD16_eabi.lib</file>
         <name>fd_toi_t2.asm.obj</name>
      </input_file>
      <input_file id="fl-d0">
         <path>C:\ti\ccs1220\ccs\tools\compiler\ti-cgt-arm_20.2.7.LTS\lib\</path>
         <kind>archive</kind>
         <file>rtsv7M4_T_le_v4SPD16_eabi.lib</file>
         <name>i_tofd_t2.asm.obj</name>
      </input_file>
      <input_file id="fl-d1">
         <path>C:\ti\ccs1220\ccs\tools\compiler\ti-cgt-arm_20.2.7.LTS\lib\</path>
         <kind>archive</kind>
         <file>rtsv7M4_T_le_v4SPD16_eabi.lib</file>
         <name>memset_t2.asm.obj</name>
      </input_file>
      <input_file id="fl-d2">
         <path>C:\ti\ccs1220\ccs\tools\compiler\ti-cgt-arm_20.2.7.LTS\lib\</path>
         <kind>archive</kind>
         <file>rtsv7M4_T_le_v4SPD16_eabi.lib</file>
         <name>ull_div_t2.asm.obj</name>
      </input_file>
      <input_file id="fl-d3">
         <path>C:\ti\ccs1220\ccs\tools\compiler\ti-cgt-arm_20.2.7.LTS\lib\</path>
         <kind>archive</kind>
         <file>rtsv7M4_T_le_v4SPD16_eabi.lib</file>
         <name>autoinit.c.obj</name>
      </input_file>
      <input_file id="fl-d4">
         <path>C:\ti\ccs1220\ccs\tools\compiler\ti-cgt-arm_20.2.7.LTS\lib\</path>
         <kind>archive</kind>
         <file>rtsv7M4_T_le_v4SPD16_eabi.lib</file>
         <name>pre_init.c.obj</name>
      </input_file>
      <input_file id="fl-d5">
         <path>C:\ti\ccs1220\ccs\tools\compiler\ti-cgt-arm_20.2.7.LTS\lib\</path>
         <kind>archive</kind>
         <file>rtsv7M4_T_le_v4SPD16_eabi.lib</file>
         <name>cpy_tbl.c.obj</name>
      </input_file>
      <input_file id="fl-d6">
         <path>C:\ti\ccs1220\ccs\tools\compiler\ti-cgt-arm_20.2.7.LTS\lib\</path>
         <kind>archive</kind>
         <file>rtsv7M4_T_le_v4SPD16_eabi.lib</file>
         <name>exit.c.obj</name>
      </input_file>
      <input_file id="fl-d7">
         <path>C:\ti\ccs1220\ccs\tools\compiler\ti-cgt-arm_20.2.7.LTS\lib\</path>
         <kind>archive</kind>
         <file>rtsv7M4_T_le_v4SPD16_eabi.lib</file>
         <name>_lock.c.obj</name>
      </input_file>
      <input_file id="fl-d8">
         <path>C:\ti\ccs1220\ccs\tools\compiler\ti-cgt-arm_20.2.7.LTS\lib\</path>
         <kind>archive</kind>
         <file>rtsv7M4_T_le_v4SPD16_eabi.lib</file>
         <name>_ltoa.c.obj</name>
      </input_file>
      <input_file id="fl-d9">
         <path>C:\ti\ccs1220\ccs\tools\compiler\ti-cgt-arm_20.2.7.LTS\lib\</path>
         <kind>archive</kind>
         <file>rtsv7M4_T_le_v4SPD16_eabi.lib</file>
         <name>args_main.c.obj</name>
      </input_file>
      <input_file id="fl-da">
         <path>C:\ti\ccs1220\ccs\tools\compiler\ti-cgt-arm_20.2.7.LTS\lib\</path>
         <kind>archive</kind>
         <file>rtsv7M4_T_le_v4SPD16_eabi.lib</file>
         <name>memccpy.c.obj</name>
      </input_file>
      <input_file id="fl-db">
         <path>C:\ti\ccs1220\ccs\tools\compiler\ti-cgt-arm_20.2.7.LTS\lib\</path>
         <kind>archive</kind>
         <file>rtsv7M4_T_le_v4SPD16_eabi.lib</file>
         <name>strchr.c.obj</name>
      </input_file>
      <input_file id="fl-dc">
         <path>C:\ti\ccs1220\ccs\tools\compiler\ti-cgt-arm_20.2.7.LTS\lib\</path>
         <kind>archive</kind>
         <file>rtsv7M4_T_le_v4SPD16_eabi.lib</file>
         <name>strlen.c.obj</name>
      </input_file>
      <input_file id="fl-dd">
         <path>C:\ti\ccs1220\ccs\tools\compiler\ti-cgt-arm_20.2.7.LTS\lib\</path>
         <kind>archive</kind>
         <file>rtsv7M4_T_le_v4SPD16_eabi.lib</file>
         <name>errno.c.obj</name>
      </input_file>
      <input_file id="fl-de">
         <path>C:\ti\ccs1220\ccs\tools\compiler\ti-cgt-arm_20.2.7.LTS\lib\</path>
         <kind>archive</kind>
         <file>rtsv7M4_T_le_v4SPD16_eabi.lib</file>
         <name>wcslen.c.obj</name>
      </input_file>
      <input_file id="fl-df">
         <path>C:\ti\ccs1220\ccs\tools\compiler\ti-cgt-arm_20.2.7.LTS\lib\</path>
         <kind>archive</kind>
         <file>rtsv7M4_T_le_v4SPD16_eabi.lib</file>
         <name>s_frexp.c.obj</name>
      </input_file>
      <input_file id="fl-e0">
         <path>C:\ti\ccs1220\ccs\tools\compiler\ti-cgt-arm_20.2.7.LTS\lib\</path>
         <kind>archive</kind>
         <file>rtsv7M4_T_le_v4SPD16_eabi.lib</file>
         <name>s_scalbn.c.obj</name>
      </input_file>
      <input_file id="fl-e1">
         <path>C:\ti\ccs1220\ccs\tools\compiler\ti-cgt-arm_20.2.7.LTS\lib\</path>
         <kind>archive</kind>
         <file>rtsv7M4_T_le_v4SPD16_eabi.lib</file>
         <name>div0.asm.obj</name>
      </input_file>
      <input_file id="fl-e2">
         <path>C:\ti\ccs1220\ccs\tools\compiler\ti-cgt-arm_20.2.7.LTS\lib\</path>
         <kind>archive</kind>
         <file>rtsv7M4_T_le_v4SPD16_eabi.lib</file>
         <name>s_copysign.c.obj</name>
      </input_file>
   </input_file_list>
   <object_component_list>
      <object_component id="oc-12">
         <name>.intvecs</name>
         <load_address>0x0</load_address>
         <run_address>0x0</run_address>
         <size>0x26c</size>
         <input_file_ref idref="fl-4"/>
      </object_component>
      <object_component id="oc-2d">
         <name>.text</name>
         <load_address>0x26c</load_address>
         <run_address>0x26c</run_address>
         <size>0x1934</size>
         <input_file_ref idref="fl-2"/>
      </object_component>
      <object_component id="oc-101">
         <name>.text:__TI_printfi</name>
         <load_address>0x1ba0</load_address>
         <run_address>0x1ba0</run_address>
         <size>0xa4e</size>
         <input_file_ref idref="fl-cb"/>
      </object_component>
      <object_component id="oc-279">
         <name>.text</name>
         <load_address>0x25ee</load_address>
         <run_address>0x25ee</run_address>
         <size>0x2</size>
         <input_file_ref idref="fl-e1"/>
      </object_component>
      <object_component id="oc-197">
         <name>.text:_pconv_a</name>
         <load_address>0x25f0</load_address>
         <run_address>0x25f0</run_address>
         <size>0x270</size>
         <input_file_ref idref="fl-cb"/>
      </object_component>
      <object_component id="oc-185">
         <name>.text:_pconv_g</name>
         <load_address>0x2860</load_address>
         <run_address>0x2860</run_address>
         <size>0x1d0</size>
         <input_file_ref idref="fl-cb"/>
      </object_component>
      <object_component id="oc-204">
         <name>.text</name>
         <load_address>0x2a30</load_address>
         <run_address>0x2a30</run_address>
         <size>0x1b6</size>
         <input_file_ref idref="fl-cc"/>
      </object_component>
      <object_component id="oc-7a">
         <name>.text</name>
         <load_address>0x2be8</load_address>
         <run_address>0x2be8</run_address>
         <size>0x164</size>
         <input_file_ref idref="fl-5"/>
      </object_component>
      <object_component id="oc-191">
         <name>.text:_pconv_e</name>
         <load_address>0x2d4c</load_address>
         <run_address>0x2d4c</run_address>
         <size>0x13c</size>
         <input_file_ref idref="fl-cb"/>
      </object_component>
      <object_component id="oc-1ea">
         <name>.text</name>
         <load_address>0x2e88</load_address>
         <run_address>0x2e88</run_address>
         <size>0x136</size>
         <input_file_ref idref="fl-ce"/>
      </object_component>
      <object_component id="oc-216">
         <name>.text:fcvt</name>
         <load_address>0x2fc0</load_address>
         <run_address>0x2fc0</run_address>
         <size>0x124</size>
         <input_file_ref idref="fl-cb"/>
      </object_component>
      <object_component id="oc-22a">
         <name>.text:scalbn</name>
         <load_address>0x30e4</load_address>
         <run_address>0x30e4</run_address>
         <size>0x110</size>
         <input_file_ref idref="fl-e0"/>
      </object_component>
      <object_component id="oc-91">
         <name>.text</name>
         <load_address>0x31f4</load_address>
         <run_address>0x31f4</run_address>
         <size>0xfc</size>
         <input_file_ref idref="fl-c1"/>
      </object_component>
      <object_component id="oc-17a">
         <name>.text:_ltostr</name>
         <load_address>0x32f0</load_address>
         <run_address>0x32f0</run_address>
         <size>0xb1</size>
         <input_file_ref idref="fl-cb"/>
      </object_component>
      <object_component id="oc-41">
         <name>.text</name>
         <load_address>0x33a2</load_address>
         <run_address>0x33a2</run_address>
         <size>0x9c</size>
         <input_file_ref idref="fl-c3"/>
      </object_component>
      <object_component id="oc-1e3">
         <name>.text</name>
         <load_address>0x343e</load_address>
         <run_address>0x343e</run_address>
         <size>0x96</size>
         <input_file_ref idref="fl-d2"/>
      </object_component>
      <object_component id="oc-180">
         <name>.text:__aeabi_cdcmple</name>
         <load_address>0x34d4</load_address>
         <run_address>0x34d4</run_address>
         <size>0x86</size>
         <input_file_ref idref="fl-cd"/>
      </object_component>
      <object_component id="oc-1ef">
         <name>.text:__aeabi_cdrcmple</name>
         <load_address>0x355a</load_address>
         <run_address>0x355a</run_address>
         <size>0x86</size>
         <input_file_ref idref="fl-cd"/>
      </object_component>
      <object_component id="oc-d4">
         <name>.text</name>
         <load_address>0x35e0</load_address>
         <run_address>0x35e0</run_address>
         <size>0x7a</size>
         <input_file_ref idref="fl-d1"/>
      </object_component>
      <object_component id="oc-20f">
         <name>.text:_mcpy</name>
         <load_address>0x365a</load_address>
         <run_address>0x365a</run_address>
         <size>0x6e</size>
         <input_file_ref idref="fl-cb"/>
      </object_component>
      <object_component id="oc-15">
         <name>.text:decompress:lzss:__TI_decompress_lzss</name>
         <load_address>0x36c8</load_address>
         <run_address>0x36c8</run_address>
         <size>0x68</size>
         <input_file_ref idref="fl-c7"/>
      </object_component>
      <object_component id="oc-224">
         <name>.text:frexp</name>
         <load_address>0x3730</load_address>
         <run_address>0x3730</run_address>
         <size>0x64</size>
         <input_file_ref idref="fl-df"/>
      </object_component>
      <object_component id="oc-18b">
         <name>.text:_pconv_f</name>
         <load_address>0x3794</load_address>
         <run_address>0x3794</run_address>
         <size>0x56</size>
         <input_file_ref idref="fl-cb"/>
      </object_component>
      <object_component id="oc-1f9">
         <name>.text:__TI_ltoa</name>
         <load_address>0x37ea</load_address>
         <run_address>0x37ea</run_address>
         <size>0x54</size>
         <input_file_ref idref="fl-d8"/>
      </object_component>
      <object_component id="oc-209">
         <name>.text:_ecpy</name>
         <load_address>0x383e</load_address>
         <run_address>0x383e</run_address>
         <size>0x52</size>
         <input_file_ref idref="fl-cb"/>
      </object_component>
      <object_component id="oc-74">
         <name>.text:atoi</name>
         <load_address>0x3890</load_address>
         <run_address>0x3890</run_address>
         <size>0x4c</size>
         <input_file_ref idref="fl-c8"/>
      </object_component>
      <object_component id="oc-1f4">
         <name>.text</name>
         <load_address>0x38dc</load_address>
         <run_address>0x38dc</run_address>
         <size>0x48</size>
         <input_file_ref idref="fl-cf"/>
      </object_component>
      <object_component id="oc-13b">
         <name>.text:__TI_auto_init_nobinit_nopinit:__TI_auto_init_nobinit_nopinit</name>
         <load_address>0x3924</load_address>
         <run_address>0x3924</run_address>
         <size>0x44</size>
         <input_file_ref idref="fl-d3"/>
      </object_component>
      <object_component id="oc-96">
         <name>.text</name>
         <load_address>0x3968</load_address>
         <run_address>0x3968</run_address>
         <size>0x44</size>
         <input_file_ref idref="fl-c2"/>
      </object_component>
      <object_component id="oc-a1">
         <name>.text:sprintf</name>
         <load_address>0x39ac</load_address>
         <run_address>0x39ac</run_address>
         <size>0x40</size>
         <input_file_ref idref="fl-c0"/>
      </object_component>
      <object_component id="oc-21c">
         <name>.text:_fcpy</name>
         <load_address>0x39ec</load_address>
         <run_address>0x39ec</run_address>
         <size>0x3e</size>
         <input_file_ref idref="fl-cb"/>
      </object_component>
      <object_component id="oc-5f">
         <name>.text:_c_int00_noargs:_c_int00_noargs</name>
         <load_address>0x3a2c</load_address>
         <run_address>0x3a2c</run_address>
         <size>0x34</size>
         <input_file_ref idref="fl-ca"/>
      </object_component>
      <object_component id="oc-1ff">
         <name>.text</name>
         <load_address>0x3a60</load_address>
         <run_address>0x3a60</run_address>
         <size>0x2e</size>
         <input_file_ref idref="fl-d0"/>
      </object_component>
      <object_component id="oc-86">
         <name>.text</name>
         <load_address>0x3a8e</load_address>
         <run_address>0x3a8e</run_address>
         <size>0x24</size>
         <input_file_ref idref="fl-6"/>
      </object_component>
      <object_component id="oc-8c">
         <name>.text</name>
         <load_address>0x3ab2</load_address>
         <run_address>0x3ab2</run_address>
         <size>0x20</size>
         <input_file_ref idref="fl-c4"/>
      </object_component>
      <object_component id="oc-4d">
         <name>.text:decompress:ZI:__TI_zero_init_nomemset:__TI_zero_init_nomemset</name>
         <load_address>0x3ad2</load_address>
         <run_address>0x3ad2</run_address>
         <size>0x1c</size>
         <input_file_ref idref="fl-c5"/>
      </object_component>
      <object_component id="oc-19d">
         <name>.text:memccpy</name>
         <load_address>0x3aee</load_address>
         <run_address>0x3aee</run_address>
         <size>0x1c</size>
         <input_file_ref idref="fl-da"/>
      </object_component>
      <object_component id="oc-291">
         <name>.text:copysign</name>
         <load_address>0x3b0a</load_address>
         <run_address>0x3b0a</run_address>
         <size>0x1a</size>
         <input_file_ref idref="fl-e2"/>
      </object_component>
      <object_component id="oc-107">
         <name>.text:_outs</name>
         <load_address>0x3b24</load_address>
         <run_address>0x3b24</run_address>
         <size>0x18</size>
         <input_file_ref idref="fl-c0"/>
      </object_component>
      <object_component id="oc-230">
         <name>.text:strchr</name>
         <load_address>0x3b3c</load_address>
         <run_address>0x3b3c</run_address>
         <size>0x16</size>
         <input_file_ref idref="fl-db"/>
      </object_component>
      <object_component id="oc-174">
         <name>.text:strlen</name>
         <load_address>0x3b52</load_address>
         <run_address>0x3b52</run_address>
         <size>0x14</size>
         <input_file_ref idref="fl-dc"/>
      </object_component>
      <object_component id="oc-1a3">
         <name>.text:wcslen</name>
         <load_address>0x3b66</load_address>
         <run_address>0x3b66</run_address>
         <size>0x12</size>
         <input_file_ref idref="fl-de"/>
      </object_component>
      <object_component id="oc-80">
         <name>.text</name>
         <load_address>0x3b78</load_address>
         <run_address>0x3b78</run_address>
         <size>0x10</size>
         <input_file_ref idref="fl-3"/>
      </object_component>
      <object_component id="oc-1b">
         <name>.text:decompress:none:__TI_decompress_none</name>
         <load_address>0x3b88</load_address>
         <run_address>0x3b88</run_address>
         <size>0xe</size>
         <input_file_ref idref="fl-c6"/>
      </object_component>
      <object_component id="oc-27">
         <name>.text</name>
         <load_address>0x3b96</load_address>
         <run_address>0x3b96</run_address>
         <size>0xc</size>
         <input_file_ref idref="fl-4"/>
      </object_component>
      <object_component id="oc-10d">
         <name>.text:_outc</name>
         <load_address>0x3ba2</load_address>
         <run_address>0x3ba2</run_address>
         <size>0xa</size>
         <input_file_ref idref="fl-c0"/>
      </object_component>
      <object_component id="oc-1a9">
         <name>.text:__aeabi_errno_addr</name>
         <load_address>0x3bac</load_address>
         <run_address>0x3bac</run_address>
         <size>0x8</size>
         <input_file_ref idref="fl-dd"/>
      </object_component>
      <object_component id="oc-da">
         <name>.text:_system_pre_init</name>
         <load_address>0x3bb4</load_address>
         <run_address>0x3bb4</run_address>
         <size>0x4</size>
         <input_file_ref idref="fl-d4"/>
      </object_component>
      <object_component id="oc-12f">
         <name>.text:abort:abort</name>
         <load_address>0x3bb8</load_address>
         <run_address>0x3bb8</run_address>
         <size>0x4</size>
         <input_file_ref idref="fl-d6"/>
      </object_component>
      <object_component id="oc-ec">
         <name>.const:.string:_ctypes_</name>
         <load_address>0x3bbc</load_address>
         <run_address>0x3bbc</run_address>
         <size>0x101</size>
         <input_file_ref idref="fl-c9"/>
      </object_component>
      <object_component id="oc-2f4">
         <name>__TI_handler_table</name>
         <load_address>0x3cc0</load_address>
         <run_address>0x3cc0</run_address>
         <size>0xc</size>
      </object_component>
      <object_component id="oc-2f7">
         <name>.cinit..bss.load</name>
         <load_address>0x3cd0</load_address>
         <run_address>0x3cd0</run_address>
         <size>0x8</size>
      </object_component>
      <object_component id="oc-2f6">
         <name>.cinit..data.load</name>
         <load_address>0x3cd8</load_address>
         <run_address>0x3cd8</run_address>
         <size>0x7</size>
      </object_component>
      <object_component id="oc-2f5">
         <name>__TI_cinit_table</name>
         <load_address>0x3ce0</load_address>
         <run_address>0x3ce0</run_address>
         <size>0x10</size>
      </object_component>
      <object_component id="oc-9e">
         <name>.data</name>
         <load_address>0x20001018</load_address>
         <run_address>0x20001018</run_address>
         <size>0x4</size>
         <input_file_ref idref="fl-2"/>
      </object_component>
      <object_component id="oc-240">
         <name>.data</name>
         <load_address>0x2000101c</load_address>
         <run_address>0x2000101c</run_address>
         <size>0x4</size>
         <input_file_ref idref="fl-dd"/>
      </object_component>
      <object_component id="oc-9b">
         <name>.common:distance</name>
         <uninitialized>true</uninitialized>
         <run_address>0x20001000</run_address>
         <size>0xc</size>
      </object_component>
      <object_component id="oc-a7">
         <name>.common:realDistance</name>
         <uninitialized>true</uninitialized>
         <run_address>0x2000100c</run_address>
         <size>0xc</size>
      </object_component>
      <object_component id="oc-24">
         <name>.stack</name>
         <uninitialized>true</uninitialized>
         <run_address>0x20000000</run_address>
         <size>0x4</size>
         <input_file_ref idref="fl-ca"/>
      </object_component>
      <object_component id="oc-2f9">
         <name>.stack</name>
         <uninitialized>true</uninitialized>
         <run_address>0x20000000</run_address>
         <size>0x0</size>
      </object_component>
      <object_component id="oc-9c">
         <name>.debug_info</name>
         <load_address>0x0</load_address>
         <run_address>0x0</run_address>
         <size>0x480</size>
         <input_file_ref idref="fl-2"/>
      </object_component>
      <object_component id="oc-9f">
         <name>.debug_info</name>
         <load_address>0x480</load_address>
         <run_address>0x480</run_address>
         <size>0xd5</size>
         <input_file_ref idref="fl-2"/>
      </object_component>
      <object_component id="oc-2f">
         <name>.debug_info</name>
         <load_address>0x555</load_address>
         <run_address>0x555</run_address>
         <size>0x1e29</size>
         <input_file_ref idref="fl-2"/>
      </object_component>
      <object_component id="oc-ba">
         <name>.debug_info</name>
         <load_address>0x237e</load_address>
         <run_address>0x237e</run_address>
         <size>0x26b</size>
         <input_file_ref idref="fl-2"/>
      </object_component>
      <object_component id="oc-b3">
         <name>.debug_info</name>
         <load_address>0x25e9</load_address>
         <run_address>0x25e9</run_address>
         <size>0x8a</size>
         <input_file_ref idref="fl-2"/>
      </object_component>
      <object_component id="oc-ae">
         <name>.debug_info</name>
         <load_address>0x2673</load_address>
         <run_address>0x2673</run_address>
         <size>0x8b</size>
         <input_file_ref idref="fl-2"/>
      </object_component>
      <object_component id="oc-11a">
         <name>.debug_info</name>
         <load_address>0x26fe</load_address>
         <run_address>0x26fe</run_address>
         <size>0x2a4</size>
         <input_file_ref idref="fl-2"/>
      </object_component>
      <object_component id="oc-a9">
         <name>.debug_info</name>
         <load_address>0x29a2</load_address>
         <run_address>0x29a2</run_address>
         <size>0xbb</size>
         <input_file_ref idref="fl-2"/>
      </object_component>
      <object_component id="oc-115">
         <name>.debug_info</name>
         <load_address>0x2a5d</load_address>
         <run_address>0x2a5d</run_address>
         <size>0x2c</size>
         <input_file_ref idref="fl-2"/>
      </object_component>
      <object_component id="oc-fa">
         <name>.debug_info</name>
         <load_address>0x2a89</load_address>
         <run_address>0x2a89</run_address>
         <size>0x35</size>
         <input_file_ref idref="fl-2"/>
      </object_component>
      <object_component id="oc-83">
         <name>.debug_info</name>
         <load_address>0x2abe</load_address>
         <run_address>0x2abe</run_address>
         <size>0x123</size>
         <input_file_ref idref="fl-3"/>
      </object_component>
      <object_component id="oc-3c">
         <name>.debug_info</name>
         <load_address>0x2be1</load_address>
         <run_address>0x2be1</run_address>
         <size>0x84</size>
         <input_file_ref idref="fl-3"/>
      </object_component>
      <object_component id="oc-35">
         <name>.debug_info</name>
         <load_address>0x2c65</load_address>
         <run_address>0x2c65</run_address>
         <size>0x337</size>
         <input_file_ref idref="fl-4"/>
      </object_component>
      <object_component id="oc-13">
         <name>.debug_info</name>
         <load_address>0x2f9c</load_address>
         <run_address>0x2f9c</run_address>
         <size>0xf6</size>
         <input_file_ref idref="fl-4"/>
      </object_component>
      <object_component id="oc-28">
         <name>.debug_info</name>
         <load_address>0x3092</load_address>
         <run_address>0x3092</run_address>
         <size>0x272</size>
         <input_file_ref idref="fl-4"/>
      </object_component>
      <object_component id="oc-f2">
         <name>.debug_info</name>
         <load_address>0x3304</load_address>
         <run_address>0x3304</run_address>
         <size>0x26c</size>
         <input_file_ref idref="fl-5"/>
      </object_component>
      <object_component id="oc-7c">
         <name>.debug_info</name>
         <load_address>0x3570</load_address>
         <run_address>0x3570</run_address>
         <size>0x354</size>
         <input_file_ref idref="fl-5"/>
      </object_component>
      <object_component id="oc-88">
         <name>.debug_info</name>
         <load_address>0x38c4</load_address>
         <run_address>0x38c4</run_address>
         <size>0x12d</size>
         <input_file_ref idref="fl-6"/>
      </object_component>
      <object_component id="oc-114">
         <name>.debug_info</name>
         <load_address>0x39f1</load_address>
         <run_address>0x39f1</run_address>
         <size>0x333</size>
         <input_file_ref idref="fl-c0"/>
      </object_component>
      <object_component id="oc-a4">
         <name>.debug_info</name>
         <load_address>0x3d24</load_address>
         <run_address>0x3d24</run_address>
         <size>0x1d1</size>
         <input_file_ref idref="fl-c0"/>
      </object_component>
      <object_component id="oc-108">
         <name>.debug_info</name>
         <load_address>0x3ef5</load_address>
         <run_address>0x3ef5</run_address>
         <size>0x18d</size>
         <input_file_ref idref="fl-c0"/>
      </object_component>
      <object_component id="oc-10e">
         <name>.debug_info</name>
         <load_address>0x4082</load_address>
         <run_address>0x4082</run_address>
         <size>0x16d</size>
         <input_file_ref idref="fl-c0"/>
      </object_component>
      <object_component id="oc-247">
         <name>.debug_info</name>
         <load_address>0x41ef</load_address>
         <run_address>0x41ef</run_address>
         <size>0x2c</size>
         <input_file_ref idref="fl-c0"/>
      </object_component>
      <object_component id="oc-93">
         <name>.debug_info</name>
         <load_address>0x421b</load_address>
         <run_address>0x421b</run_address>
         <size>0x13a</size>
         <input_file_ref idref="fl-c1"/>
      </object_component>
      <object_component id="oc-97">
         <name>.debug_info</name>
         <load_address>0x4355</load_address>
         <run_address>0x4355</run_address>
         <size>0x139</size>
         <input_file_ref idref="fl-c2"/>
      </object_component>
      <object_component id="oc-43">
         <name>.debug_info</name>
         <load_address>0x448e</load_address>
         <run_address>0x448e</run_address>
         <size>0x119</size>
         <input_file_ref idref="fl-c3"/>
      </object_component>
      <object_component id="oc-8d">
         <name>.debug_info</name>
         <load_address>0x45a7</load_address>
         <run_address>0x45a7</run_address>
         <size>0x12e</size>
         <input_file_ref idref="fl-c4"/>
      </object_component>
      <object_component id="oc-d3">
         <name>.debug_info</name>
         <load_address>0x46d5</load_address>
         <run_address>0x46d5</run_address>
         <size>0x2d4</size>
         <input_file_ref idref="fl-c5"/>
      </object_component>
      <object_component id="oc-4e">
         <name>.debug_info</name>
         <load_address>0x49a9</load_address>
         <run_address>0x49a9</run_address>
         <size>0x1d2</size>
         <input_file_ref idref="fl-c5"/>
      </object_component>
      <object_component id="oc-ce">
         <name>.debug_info</name>
         <load_address>0x4b7b</load_address>
         <run_address>0x4b7b</run_address>
         <size>0x46</size>
         <input_file_ref idref="fl-c5"/>
      </object_component>
      <object_component id="oc-126">
         <name>.debug_info</name>
         <load_address>0x4bc1</load_address>
         <run_address>0x4bc1</run_address>
         <size>0x2c</size>
         <input_file_ref idref="fl-c5"/>
      </object_component>
      <object_component id="oc-4c">
         <name>.debug_info</name>
         <load_address>0x4bed</load_address>
         <run_address>0x4bed</run_address>
         <size>0x2a8</size>
         <input_file_ref idref="fl-c6"/>
      </object_component>
      <object_component id="oc-1f">
         <name>.debug_info</name>
         <load_address>0x4e95</load_address>
         <run_address>0x4e95</run_address>
         <size>0x1ea</size>
         <input_file_ref idref="fl-c6"/>
      </object_component>
      <object_component id="oc-47">
         <name>.debug_info</name>
         <load_address>0x507f</load_address>
         <run_address>0x507f</run_address>
         <size>0x46</size>
         <input_file_ref idref="fl-c6"/>
      </object_component>
      <object_component id="oc-c6">
         <name>.debug_info</name>
         <load_address>0x50c5</load_address>
         <run_address>0x50c5</run_address>
         <size>0x2c</size>
         <input_file_ref idref="fl-c6"/>
      </object_component>
      <object_component id="oc-c4">
         <name>.debug_info</name>
         <load_address>0x50f1</load_address>
         <run_address>0x50f1</run_address>
         <size>0x29e</size>
         <input_file_ref idref="fl-c7"/>
      </object_component>
      <object_component id="oc-19">
         <name>.debug_info</name>
         <load_address>0x538f</load_address>
         <run_address>0x538f</run_address>
         <size>0x250</size>
         <input_file_ref idref="fl-c7"/>
      </object_component>
      <object_component id="oc-37">
         <name>.debug_info</name>
         <load_address>0x55df</load_address>
         <run_address>0x55df</run_address>
         <size>0x60</size>
         <input_file_ref idref="fl-c7"/>
      </object_component>
      <object_component id="oc-11f">
         <name>.debug_info</name>
         <load_address>0x563f</load_address>
         <run_address>0x563f</run_address>
         <size>0x46</size>
         <input_file_ref idref="fl-c7"/>
      </object_component>
      <object_component id="oc-bf">
         <name>.debug_info</name>
         <load_address>0x5685</load_address>
         <run_address>0x5685</run_address>
         <size>0x39</size>
         <input_file_ref idref="fl-c7"/>
      </object_component>
      <object_component id="oc-f0">
         <name>.debug_info</name>
         <load_address>0x56be</load_address>
         <run_address>0x56be</run_address>
         <size>0x2b9</size>
         <input_file_ref idref="fl-c8"/>
      </object_component>
      <object_component id="oc-75">
         <name>.debug_info</name>
         <load_address>0x5977</load_address>
         <run_address>0x5977</run_address>
         <size>0x17c</size>
         <input_file_ref idref="fl-c8"/>
      </object_component>
      <object_component id="oc-16f">
         <name>.debug_info</name>
         <load_address>0x5af3</load_address>
         <run_address>0x5af3</run_address>
         <size>0xf9</size>
         <input_file_ref idref="fl-c9"/>
      </object_component>
      <object_component id="oc-ed">
         <name>.debug_info</name>
         <load_address>0x5bec</load_address>
         <run_address>0x5bec</run_address>
         <size>0x105</size>
         <input_file_ref idref="fl-c9"/>
      </object_component>
      <object_component id="oc-25">
         <name>.debug_info</name>
         <load_address>0x5cf1</load_address>
         <run_address>0x5cf1</run_address>
         <size>0x10b</size>
         <input_file_ref idref="fl-ca"/>
      </object_component>
      <object_component id="oc-63">
         <name>.debug_info</name>
         <load_address>0x5dfc</load_address>
         <run_address>0x5dfc</run_address>
         <size>0x1a9</size>
         <input_file_ref idref="fl-ca"/>
      </object_component>
      <object_component id="oc-1b0">
         <name>.debug_info</name>
         <load_address>0x5fa5</load_address>
         <run_address>0x5fa5</run_address>
         <size>0x590</size>
         <input_file_ref idref="fl-cb"/>
      </object_component>
      <object_component id="oc-17b">
         <name>.debug_info</name>
         <load_address>0x6535</load_address>
         <run_address>0x6535</run_address>
         <size>0x21e</size>
         <input_file_ref idref="fl-cb"/>
      </object_component>
      <object_component id="oc-20a">
         <name>.debug_info</name>
         <load_address>0x6753</load_address>
         <run_address>0x6753</run_address>
         <size>0x1b3</size>
         <input_file_ref idref="fl-cb"/>
      </object_component>
      <object_component id="oc-210">
         <name>.debug_info</name>
         <load_address>0x6906</load_address>
         <run_address>0x6906</run_address>
         <size>0x21b</size>
         <input_file_ref idref="fl-cb"/>
      </object_component>
      <object_component id="oc-186">
         <name>.debug_info</name>
         <load_address>0x6b21</load_address>
         <run_address>0x6b21</run_address>
         <size>0x3c0</size>
         <input_file_ref idref="fl-cb"/>
      </object_component>
      <object_component id="oc-218">
         <name>.debug_info</name>
         <load_address>0x6ee1</load_address>
         <run_address>0x6ee1</run_address>
         <size>0x30a</size>
         <input_file_ref idref="fl-cb"/>
      </object_component>
      <object_component id="oc-21e">
         <name>.debug_info</name>
         <load_address>0x71eb</load_address>
         <run_address>0x71eb</run_address>
         <size>0x215</size>
         <input_file_ref idref="fl-cb"/>
      </object_component>
      <object_component id="oc-18c">
         <name>.debug_info</name>
         <load_address>0x7400</load_address>
         <run_address>0x7400</run_address>
         <size>0x215</size>
         <input_file_ref idref="fl-cb"/>
      </object_component>
      <object_component id="oc-193">
         <name>.debug_info</name>
         <load_address>0x7615</load_address>
         <run_address>0x7615</run_address>
         <size>0x304</size>
         <input_file_ref idref="fl-cb"/>
      </object_component>
      <object_component id="oc-198">
         <name>.debug_info</name>
         <load_address>0x7919</load_address>
         <run_address>0x7919</run_address>
         <size>0x4b5</size>
         <input_file_ref idref="fl-cb"/>
      </object_component>
      <object_component id="oc-103">
         <name>.debug_info</name>
         <load_address>0x7dce</load_address>
         <run_address>0x7dce</run_address>
         <size>0x5f4</size>
         <input_file_ref idref="fl-cb"/>
      </object_component>
      <object_component id="oc-1b1">
         <name>.debug_info</name>
         <load_address>0x83c2</load_address>
         <run_address>0x83c2</run_address>
         <size>0x86</size>
         <input_file_ref idref="fl-cb"/>
      </object_component>
      <object_component id="oc-24c">
         <name>.debug_info</name>
         <load_address>0x8448</load_address>
         <run_address>0x8448</run_address>
         <size>0x39</size>
         <input_file_ref idref="fl-cb"/>
      </object_component>
      <object_component id="oc-2a8">
         <name>.debug_info</name>
         <load_address>0x8481</load_address>
         <run_address>0x8481</run_address>
         <size>0xb6</size>
         <input_file_ref idref="fl-cb"/>
      </object_component>
      <object_component id="oc-251">
         <name>.debug_info</name>
         <load_address>0x8537</load_address>
         <run_address>0x8537</run_address>
         <size>0x46</size>
         <input_file_ref idref="fl-cb"/>
      </object_component>
      <object_component id="oc-1b6">
         <name>.debug_info</name>
         <load_address>0x857d</load_address>
         <run_address>0x857d</run_address>
         <size>0x46</size>
         <input_file_ref idref="fl-cb"/>
      </object_component>
      <object_component id="oc-205">
         <name>.debug_info</name>
         <load_address>0x85c3</load_address>
         <run_address>0x85c3</run_address>
         <size>0x14c</size>
         <input_file_ref idref="fl-cc"/>
      </object_component>
      <object_component id="oc-181">
         <name>.debug_info</name>
         <load_address>0x870f</load_address>
         <run_address>0x870f</run_address>
         <size>0x128</size>
         <input_file_ref idref="fl-cd"/>
      </object_component>
      <object_component id="oc-1f0">
         <name>.debug_info</name>
         <load_address>0x8837</load_address>
         <run_address>0x8837</run_address>
         <size>0x12a</size>
         <input_file_ref idref="fl-cd"/>
      </object_component>
      <object_component id="oc-1ec">
         <name>.debug_info</name>
         <load_address>0x8961</load_address>
         <run_address>0x8961</run_address>
         <size>0x13a</size>
         <input_file_ref idref="fl-ce"/>
      </object_component>
      <object_component id="oc-1f7">
         <name>.debug_info</name>
         <load_address>0x8a9b</load_address>
         <run_address>0x8a9b</run_address>
         <size>0x12e</size>
         <input_file_ref idref="fl-cf"/>
      </object_component>
      <object_component id="oc-200">
         <name>.debug_info</name>
         <load_address>0x8bc9</load_address>
         <run_address>0x8bc9</run_address>
         <size>0x12c</size>
         <input_file_ref idref="fl-d0"/>
      </object_component>
      <object_component id="oc-d7">
         <name>.debug_info</name>
         <load_address>0x8cf5</load_address>
         <run_address>0x8cf5</run_address>
         <size>0x147</size>
         <input_file_ref idref="fl-d1"/>
      </object_component>
      <object_component id="oc-1e6">
         <name>.debug_info</name>
         <load_address>0x8e3c</load_address>
         <run_address>0x8e3c</run_address>
         <size>0x134</size>
         <input_file_ref idref="fl-d2"/>
      </object_component>
      <object_component id="oc-1ca">
         <name>.debug_info</name>
         <load_address>0x8f70</load_address>
         <run_address>0x8f70</run_address>
         <size>0x4b3</size>
         <input_file_ref idref="fl-d3"/>
      </object_component>
      <object_component id="oc-13e">
         <name>.debug_info</name>
         <load_address>0x9423</load_address>
         <run_address>0x9423</run_address>
         <size>0x1a6</size>
         <input_file_ref idref="fl-d3"/>
      </object_component>
      <object_component id="oc-266">
         <name>.debug_info</name>
         <load_address>0x95c9</load_address>
         <run_address>0x95c9</run_address>
         <size>0x39</size>
         <input_file_ref idref="fl-d3"/>
      </object_component>
      <object_component id="oc-2b0">
         <name>.debug_info</name>
         <load_address>0x9602</load_address>
         <run_address>0x9602</run_address>
         <size>0x39</size>
         <input_file_ref idref="fl-d3"/>
      </object_component>
      <object_component id="oc-26b">
         <name>.debug_info</name>
         <load_address>0x963b</load_address>
         <run_address>0x963b</run_address>
         <size>0x39</size>
         <input_file_ref idref="fl-d3"/>
      </object_component>
      <object_component id="oc-270">
         <name>.debug_info</name>
         <load_address>0x9674</load_address>
         <run_address>0x9674</run_address>
         <size>0xcd</size>
         <input_file_ref idref="fl-d3"/>
      </object_component>
      <object_component id="oc-de">
         <name>.debug_info</name>
         <load_address>0x9741</load_address>
         <run_address>0x9741</run_address>
         <size>0x153</size>
         <input_file_ref idref="fl-d4"/>
      </object_component>
      <object_component id="oc-130">
         <name>.debug_info</name>
         <load_address>0x9894</load_address>
         <run_address>0x9894</run_address>
         <size>0x122</size>
         <input_file_ref idref="fl-d6"/>
      </object_component>
      <object_component id="oc-283">
         <name>.debug_info</name>
         <load_address>0x99b6</load_address>
         <run_address>0x99b6</run_address>
         <size>0x29c</size>
         <input_file_ref idref="fl-d8"/>
      </object_component>
      <object_component id="oc-1fc">
         <name>.debug_info</name>
         <load_address>0x9c52</load_address>
         <run_address>0x9c52</run_address>
         <size>0x1da</size>
         <input_file_ref idref="fl-d8"/>
      </object_component>
      <object_component id="oc-238">
         <name>.debug_info</name>
         <load_address>0x9e2c</load_address>
         <run_address>0x9e2c</run_address>
         <size>0x2a7</size>
         <input_file_ref idref="fl-da"/>
      </object_component>
      <object_component id="oc-19f">
         <name>.debug_info</name>
         <load_address>0xa0d3</load_address>
         <run_address>0xa0d3</run_address>
         <size>0x1b8</size>
         <input_file_ref idref="fl-da"/>
      </object_component>
      <object_component id="oc-29a">
         <name>.debug_info</name>
         <load_address>0xa28b</load_address>
         <run_address>0xa28b</run_address>
         <size>0x29a</size>
         <input_file_ref idref="fl-db"/>
      </object_component>
      <object_component id="oc-232">
         <name>.debug_info</name>
         <load_address>0xa525</load_address>
         <run_address>0xa525</run_address>
         <size>0x262</size>
         <input_file_ref idref="fl-db"/>
      </object_component>
      <object_component id="oc-1e2">
         <name>.debug_info</name>
         <load_address>0xa787</load_address>
         <run_address>0xa787</run_address>
         <size>0x28f</size>
         <input_file_ref idref="fl-dc"/>
      </object_component>
      <object_component id="oc-177">
         <name>.debug_info</name>
         <load_address>0xaa16</load_address>
         <run_address>0xaa16</run_address>
         <size>0x245</size>
         <input_file_ref idref="fl-dc"/>
      </object_component>
      <object_component id="oc-244">
         <name>.debug_info</name>
         <load_address>0xac5b</load_address>
         <run_address>0xac5b</run_address>
         <size>0x289</size>
         <input_file_ref idref="fl-dd"/>
      </object_component>
      <object_component id="oc-241">
         <name>.debug_info</name>
         <load_address>0xaee4</load_address>
         <run_address>0xaee4</run_address>
         <size>0x10e</size>
         <input_file_ref idref="fl-dd"/>
      </object_component>
      <object_component id="oc-1aa">
         <name>.debug_info</name>
         <load_address>0xaff2</load_address>
         <run_address>0xaff2</run_address>
         <size>0x14e</size>
         <input_file_ref idref="fl-dd"/>
      </object_component>
      <object_component id="oc-23f">
         <name>.debug_info</name>
         <load_address>0xb140</load_address>
         <run_address>0xb140</run_address>
         <size>0x28f</size>
         <input_file_ref idref="fl-de"/>
      </object_component>
      <object_component id="oc-1a7">
         <name>.debug_info</name>
         <load_address>0xb3cf</load_address>
         <run_address>0xb3cf</run_address>
         <size>0x15a</size>
         <input_file_ref idref="fl-de"/>
      </object_component>
      <object_component id="oc-29d">
         <name>.debug_info</name>
         <load_address>0xb529</load_address>
         <run_address>0xb529</run_address>
         <size>0x46</size>
         <input_file_ref idref="fl-de"/>
      </object_component>
      <object_component id="oc-23a">
         <name>.debug_info</name>
         <load_address>0xb56f</load_address>
         <run_address>0xb56f</run_address>
         <size>0x39</size>
         <input_file_ref idref="fl-de"/>
      </object_component>
      <object_component id="oc-28b">
         <name>.debug_info</name>
         <load_address>0xb5a8</load_address>
         <run_address>0xb5a8</run_address>
         <size>0x295</size>
         <input_file_ref idref="fl-df"/>
      </object_component>
      <object_component id="oc-225">
         <name>.debug_info</name>
         <load_address>0xb83d</load_address>
         <run_address>0xb83d</run_address>
         <size>0x195</size>
         <input_file_ref idref="fl-df"/>
      </object_component>
      <object_component id="oc-2c1">
         <name>.debug_info</name>
         <load_address>0xb9d2</load_address>
         <run_address>0xb9d2</run_address>
         <size>0x39</size>
         <input_file_ref idref="fl-df"/>
      </object_component>
      <object_component id="oc-28c">
         <name>.debug_info</name>
         <load_address>0xba0b</load_address>
         <run_address>0xba0b</run_address>
         <size>0x2c</size>
         <input_file_ref idref="fl-df"/>
      </object_component>
      <object_component id="oc-298">
         <name>.debug_info</name>
         <load_address>0xba37</load_address>
         <run_address>0xba37</run_address>
         <size>0x2f8</size>
         <input_file_ref idref="fl-e0"/>
      </object_component>
      <object_component id="oc-22d">
         <name>.debug_info</name>
         <load_address>0xbd2f</load_address>
         <run_address>0xbd2f</run_address>
         <size>0x225</size>
         <input_file_ref idref="fl-e0"/>
      </object_component>
      <object_component id="oc-27c">
         <name>.debug_info</name>
         <load_address>0xbf54</load_address>
         <run_address>0xbf54</run_address>
         <size>0x115</size>
         <input_file_ref idref="fl-e1"/>
      </object_component>
      <object_component id="oc-293">
         <name>.debug_info</name>
         <load_address>0xc069</load_address>
         <run_address>0xc069</run_address>
         <size>0x161</size>
         <input_file_ref idref="fl-e2"/>
      </object_component>
      <object_component id="oc-2fa">
         <name>.debug_info</name>
         <load_address>0xc1ca</load_address>
         <run_address>0xc1ca</run_address>
         <size>0xa9</size>
      </object_component>
      <object_component id="oc-f9">
         <name>.debug_line</name>
         <load_address>0x0</load_address>
         <run_address>0x0</run_address>
         <size>0xa9</size>
         <input_file_ref idref="fl-2"/>
      </object_component>
      <object_component id="oc-100">
         <name>.debug_line</name>
         <load_address>0xa9</load_address>
         <run_address>0xa9</run_address>
         <size>0x36</size>
         <input_file_ref idref="fl-2"/>
      </object_component>
      <object_component id="oc-32">
         <name>.debug_line</name>
         <load_address>0xdf</load_address>
         <run_address>0xdf</run_address>
         <size>0x5e2</size>
         <input_file_ref idref="fl-2"/>
      </object_component>
      <object_component id="oc-bd">
         <name>.debug_line</name>
         <load_address>0x6c1</load_address>
         <run_address>0x6c1</run_address>
         <size>0x6f</size>
         <input_file_ref idref="fl-2"/>
      </object_component>
      <object_component id="oc-b6">
         <name>.debug_line</name>
         <load_address>0x730</load_address>
         <run_address>0x730</run_address>
         <size>0x36</size>
         <input_file_ref idref="fl-2"/>
      </object_component>
      <object_component id="oc-b1">
         <name>.debug_line</name>
         <load_address>0x766</load_address>
         <run_address>0x766</run_address>
         <size>0x20</size>
         <input_file_ref idref="fl-2"/>
      </object_component>
      <object_component id="oc-11d">
         <name>.debug_line</name>
         <load_address>0x786</load_address>
         <run_address>0x786</run_address>
         <size>0x73</size>
         <input_file_ref idref="fl-2"/>
      </object_component>
      <object_component id="oc-ac">
         <name>.debug_line</name>
         <load_address>0x7f9</load_address>
         <run_address>0x7f9</run_address>
         <size>0x70</size>
         <input_file_ref idref="fl-2"/>
      </object_component>
      <object_component id="oc-118">
         <name>.debug_line</name>
         <load_address>0x869</load_address>
         <run_address>0x869</run_address>
         <size>0x6b</size>
         <input_file_ref idref="fl-2"/>
      </object_component>
      <object_component id="oc-fd">
         <name>.debug_line</name>
         <load_address>0x8d4</load_address>
         <run_address>0x8d4</run_address>
         <size>0x74</size>
         <input_file_ref idref="fl-2"/>
      </object_component>
      <object_component id="oc-85">
         <name>.debug_line</name>
         <load_address>0x948</load_address>
         <run_address>0x948</run_address>
         <size>0x43</size>
         <input_file_ref idref="fl-3"/>
      </object_component>
      <object_component id="oc-3f">
         <name>.debug_line</name>
         <load_address>0x98b</load_address>
         <run_address>0x98b</run_address>
         <size>0x20</size>
         <input_file_ref idref="fl-3"/>
      </object_component>
      <object_component id="oc-b9">
         <name>.debug_line</name>
         <load_address>0x9ab</load_address>
         <run_address>0x9ab</run_address>
         <size>0x41</size>
         <input_file_ref idref="fl-4"/>
      </object_component>
      <object_component id="oc-34">
         <name>.debug_line</name>
         <load_address>0x9ec</load_address>
         <run_address>0x9ec</run_address>
         <size>0x41</size>
         <input_file_ref idref="fl-4"/>
      </object_component>
      <object_component id="oc-2c">
         <name>.debug_line</name>
         <load_address>0xa2d</load_address>
         <run_address>0xa2d</run_address>
         <size>0xa1</size>
         <input_file_ref idref="fl-4"/>
      </object_component>
      <object_component id="oc-173">
         <name>.debug_line</name>
         <load_address>0xace</load_address>
         <run_address>0xace</run_address>
         <size>0x20</size>
         <input_file_ref idref="fl-5"/>
      </object_component>
      <object_component id="oc-7f">
         <name>.debug_line</name>
         <load_address>0xaee</load_address>
         <run_address>0xaee</run_address>
         <size>0xec</size>
         <input_file_ref idref="fl-5"/>
      </object_component>
      <object_component id="oc-87">
         <name>.debug_line</name>
         <load_address>0xbda</load_address>
         <run_address>0xbda</run_address>
         <size>0x52</size>
         <input_file_ref idref="fl-6"/>
      </object_component>
      <object_component id="oc-1be">
         <name>.debug_line</name>
         <load_address>0xc2c</load_address>
         <run_address>0xc2c</run_address>
         <size>0x2d</size>
         <input_file_ref idref="fl-c0"/>
      </object_component>
      <object_component id="oc-a2">
         <name>.debug_line</name>
         <load_address>0xc59</load_address>
         <run_address>0xc59</run_address>
         <size>0x4b</size>
         <input_file_ref idref="fl-c0"/>
      </object_component>
      <object_component id="oc-10b">
         <name>.debug_line</name>
         <load_address>0xca4</load_address>
         <run_address>0xca4</run_address>
         <size>0x4b</size>
         <input_file_ref idref="fl-c0"/>
      </object_component>
      <object_component id="oc-112">
         <name>.debug_line</name>
         <load_address>0xcef</load_address>
         <run_address>0xcef</run_address>
         <size>0x3f</size>
         <input_file_ref idref="fl-c0"/>
      </object_component>
      <object_component id="oc-24a">
         <name>.debug_line</name>
         <load_address>0xd2e</load_address>
         <run_address>0xd2e</run_address>
         <size>0x91</size>
         <input_file_ref idref="fl-c0"/>
      </object_component>
      <object_component id="oc-95">
         <name>.debug_line</name>
         <load_address>0xdbf</load_address>
         <run_address>0xdbf</run_address>
         <size>0x8e</size>
         <input_file_ref idref="fl-c1"/>
      </object_component>
      <object_component id="oc-9a">
         <name>.debug_line</name>
         <load_address>0xe4d</load_address>
         <run_address>0xe4d</run_address>
         <size>0x59</size>
         <input_file_ref idref="fl-c2"/>
      </object_component>
      <object_component id="oc-45">
         <name>.debug_line</name>
         <load_address>0xea6</load_address>
         <run_address>0xea6</run_address>
         <size>0x88</size>
         <input_file_ref idref="fl-c3"/>
      </object_component>
      <object_component id="oc-90">
         <name>.debug_line</name>
         <load_address>0xf2e</load_address>
         <run_address>0xf2e</run_address>
         <size>0x4c</size>
         <input_file_ref idref="fl-c4"/>
      </object_component>
      <object_component id="oc-12c">
         <name>.debug_line</name>
         <load_address>0xf7a</load_address>
         <run_address>0xf7a</run_address>
         <size>0x92</size>
         <input_file_ref idref="fl-c5"/>
      </object_component>
      <object_component id="oc-51">
         <name>.debug_line</name>
         <load_address>0x100c</load_address>
         <run_address>0x100c</run_address>
         <size>0x4c</size>
         <input_file_ref idref="fl-c5"/>
      </object_component>
      <object_component id="oc-d1">
         <name>.debug_line</name>
         <load_address>0x1058</load_address>
         <run_address>0x1058</run_address>
         <size>0x34</size>
         <input_file_ref idref="fl-c5"/>
      </object_component>
      <object_component id="oc-129">
         <name>.debug_line</name>
         <load_address>0x108c</load_address>
         <run_address>0x108c</run_address>
         <size>0x92</size>
         <input_file_ref idref="fl-c5"/>
      </object_component>
      <object_component id="oc-cc">
         <name>.debug_line</name>
         <load_address>0x111e</load_address>
         <run_address>0x111e</run_address>
         <size>0x20</size>
         <input_file_ref idref="fl-c6"/>
      </object_component>
      <object_component id="oc-1e">
         <name>.debug_line</name>
         <load_address>0x113e</load_address>
         <run_address>0x113e</run_address>
         <size>0x55</size>
         <input_file_ref idref="fl-c6"/>
      </object_component>
      <object_component id="oc-4a">
         <name>.debug_line</name>
         <load_address>0x1193</load_address>
         <run_address>0x1193</run_address>
         <size>0x3a</size>
         <input_file_ref idref="fl-c6"/>
      </object_component>
      <object_component id="oc-c9">
         <name>.debug_line</name>
         <load_address>0x11cd</load_address>
         <run_address>0x11cd</run_address>
         <size>0x92</size>
         <input_file_ref idref="fl-c6"/>
      </object_component>
      <object_component id="oc-125">
         <name>.debug_line</name>
         <load_address>0x125f</load_address>
         <run_address>0x125f</run_address>
         <size>0x20</size>
         <input_file_ref idref="fl-c7"/>
      </object_component>
      <object_component id="oc-17">
         <name>.debug_line</name>
         <load_address>0x127f</load_address>
         <run_address>0x127f</run_address>
         <size>0xa9</size>
         <input_file_ref idref="fl-c7"/>
      </object_component>
      <object_component id="oc-3a">
         <name>.debug_line</name>
         <load_address>0x1328</load_address>
         <run_address>0x1328</run_address>
         <size>0x3a</size>
         <input_file_ref idref="fl-c7"/>
      </object_component>
      <object_component id="oc-122">
         <name>.debug_line</name>
         <load_address>0x1362</load_address>
         <run_address>0x1362</run_address>
         <size>0x9a</size>
         <input_file_ref idref="fl-c7"/>
      </object_component>
      <object_component id="oc-c2">
         <name>.debug_line</name>
         <load_address>0x13fc</load_address>
         <run_address>0x13fc</run_address>
         <size>0x96</size>
         <input_file_ref idref="fl-c7"/>
      </object_component>
      <object_component id="oc-171">
         <name>.debug_line</name>
         <load_address>0x1492</load_address>
         <run_address>0x1492</run_address>
         <size>0x91</size>
         <input_file_ref idref="fl-c8"/>
      </object_component>
      <object_component id="oc-79">
         <name>.debug_line</name>
         <load_address>0x1523</load_address>
         <run_address>0x1523</run_address>
         <size>0x62</size>
         <input_file_ref idref="fl-c8"/>
      </object_component>
      <object_component id="oc-1e0">
         <name>.debug_line</name>
         <load_address>0x1585</load_address>
         <run_address>0x1585</run_address>
         <size>0x20</size>
         <input_file_ref idref="fl-c9"/>
      </object_component>
      <object_component id="oc-16e">
         <name>.debug_line</name>
         <load_address>0x15a5</load_address>
         <run_address>0x15a5</run_address>
         <size>0x2b</size>
         <input_file_ref idref="fl-c9"/>
      </object_component>
      <object_component id="oc-72">
         <name>.debug_line</name>
         <load_address>0x15d0</load_address>
         <run_address>0x15d0</run_address>
         <size>0x33</size>
         <input_file_ref idref="fl-ca"/>
      </object_component>
      <object_component id="oc-61">
         <name>.debug_line</name>
         <load_address>0x1603</load_address>
         <run_address>0x1603</run_address>
         <size>0x45</size>
         <input_file_ref idref="fl-ca"/>
      </object_component>
      <object_component id="oc-246">
         <name>.debug_line</name>
         <load_address>0x1648</load_address>
         <run_address>0x1648</run_address>
         <size>0x264</size>
         <input_file_ref idref="fl-cb"/>
      </object_component>
      <object_component id="oc-17e">
         <name>.debug_line</name>
         <load_address>0x18ac</load_address>
         <run_address>0x18ac</run_address>
         <size>0x7a</size>
         <input_file_ref idref="fl-cb"/>
      </object_component>
      <object_component id="oc-20d">
         <name>.debug_line</name>
         <load_address>0x1926</load_address>
         <run_address>0x1926</run_address>
         <size>0x51</size>
         <input_file_ref idref="fl-cb"/>
      </object_component>
      <object_component id="oc-213">
         <name>.debug_line</name>
         <load_address>0x1977</load_address>
         <run_address>0x1977</run_address>
         <size>0x88</size>
         <input_file_ref idref="fl-cb"/>
      </object_component>
      <object_component id="oc-189">
         <name>.debug_line</name>
         <load_address>0x19ff</load_address>
         <run_address>0x19ff</run_address>
         <size>0x14b</size>
         <input_file_ref idref="fl-cb"/>
      </object_component>
      <object_component id="oc-217">
         <name>.debug_line</name>
         <load_address>0x1b4a</load_address>
         <run_address>0x1b4a</run_address>
         <size>0xec</size>
         <input_file_ref idref="fl-cb"/>
      </object_component>
      <object_component id="oc-21d">
         <name>.debug_line</name>
         <load_address>0x1c36</load_address>
         <run_address>0x1c36</run_address>
         <size>0x5d</size>
         <input_file_ref idref="fl-cb"/>
      </object_component>
      <object_component id="oc-18f">
         <name>.debug_line</name>
         <load_address>0x1c93</load_address>
         <run_address>0x1c93</run_address>
         <size>0x5c</size>
         <input_file_ref idref="fl-cb"/>
      </object_component>
      <object_component id="oc-192">
         <name>.debug_line</name>
         <load_address>0x1cef</load_address>
         <run_address>0x1cef</run_address>
         <size>0xae</size>
         <input_file_ref idref="fl-cb"/>
      </object_component>
      <object_component id="oc-19b">
         <name>.debug_line</name>
         <load_address>0x1d9d</load_address>
         <run_address>0x1d9d</run_address>
         <size>0x1ac</size>
         <input_file_ref idref="fl-cb"/>
      </object_component>
      <object_component id="oc-102">
         <name>.debug_line</name>
         <load_address>0x1f49</load_address>
         <run_address>0x1f49</run_address>
         <size>0x76f</size>
         <input_file_ref idref="fl-cb"/>
      </object_component>
      <object_component id="oc-1b4">
         <name>.debug_line</name>
         <load_address>0x26b8</load_address>
         <run_address>0x26b8</run_address>
         <size>0x92</size>
         <input_file_ref idref="fl-cb"/>
      </object_component>
      <object_component id="oc-24f">
         <name>.debug_line</name>
         <load_address>0x274a</load_address>
         <run_address>0x274a</run_address>
         <size>0x92</size>
         <input_file_ref idref="fl-cb"/>
      </object_component>
      <object_component id="oc-2ab">
         <name>.debug_line</name>
         <load_address>0x27dc</load_address>
         <run_address>0x27dc</run_address>
         <size>0x9a</size>
         <input_file_ref idref="fl-cb"/>
      </object_component>
      <object_component id="oc-254">
         <name>.debug_line</name>
         <load_address>0x2876</load_address>
         <run_address>0x2876</run_address>
         <size>0x97</size>
         <input_file_ref idref="fl-cb"/>
      </object_component>
      <object_component id="oc-1b9">
         <name>.debug_line</name>
         <load_address>0x290d</load_address>
         <run_address>0x290d</run_address>
         <size>0x2e</size>
         <input_file_ref idref="fl-cb"/>
      </object_component>
      <object_component id="oc-208">
         <name>.debug_line</name>
         <load_address>0x293b</load_address>
         <run_address>0x293b</run_address>
         <size>0xd2</size>
         <input_file_ref idref="fl-cc"/>
      </object_component>
      <object_component id="oc-184">
         <name>.debug_line</name>
         <load_address>0x2a0d</load_address>
         <run_address>0x2a0d</run_address>
         <size>0x77</size>
         <input_file_ref idref="fl-cd"/>
      </object_component>
      <object_component id="oc-1f3">
         <name>.debug_line</name>
         <load_address>0x2a84</load_address>
         <run_address>0x2a84</run_address>
         <size>0x77</size>
         <input_file_ref idref="fl-cd"/>
      </object_component>
      <object_component id="oc-1ee">
         <name>.debug_line</name>
         <load_address>0x2afb</load_address>
         <run_address>0x2afb</run_address>
         <size>0xa8</size>
         <input_file_ref idref="fl-ce"/>
      </object_component>
      <object_component id="oc-1f6">
         <name>.debug_line</name>
         <load_address>0x2ba3</load_address>
         <run_address>0x2ba3</run_address>
         <size>0x5a</size>
         <input_file_ref idref="fl-cf"/>
      </object_component>
      <object_component id="oc-203">
         <name>.debug_line</name>
         <load_address>0x2bfd</load_address>
         <run_address>0x2bfd</run_address>
         <size>0x50</size>
         <input_file_ref idref="fl-d0"/>
      </object_component>
      <object_component id="oc-d5">
         <name>.debug_line</name>
         <load_address>0x2c4d</load_address>
         <run_address>0x2c4d</run_address>
         <size>0x79</size>
         <input_file_ref idref="fl-d1"/>
      </object_component>
      <object_component id="oc-1e5">
         <name>.debug_line</name>
         <load_address>0x2cc6</load_address>
         <run_address>0x2cc6</run_address>
         <size>0x81</size>
         <input_file_ref idref="fl-d2"/>
      </object_component>
      <object_component id="oc-265">
         <name>.debug_line</name>
         <load_address>0x2d47</load_address>
         <run_address>0x2d47</run_address>
         <size>0xbf</size>
         <input_file_ref idref="fl-d3"/>
      </object_component>
      <object_component id="oc-13d">
         <name>.debug_line</name>
         <load_address>0x2e06</load_address>
         <run_address>0x2e06</run_address>
         <size>0x6f</size>
         <input_file_ref idref="fl-d3"/>
      </object_component>
      <object_component id="oc-269">
         <name>.debug_line</name>
         <load_address>0x2e75</load_address>
         <run_address>0x2e75</run_address>
         <size>0x2e</size>
         <input_file_ref idref="fl-d3"/>
      </object_component>
      <object_component id="oc-2b3">
         <name>.debug_line</name>
         <load_address>0x2ea3</load_address>
         <run_address>0x2ea3</run_address>
         <size>0x9a</size>
         <input_file_ref idref="fl-d3"/>
      </object_component>
      <object_component id="oc-26e">
         <name>.debug_line</name>
         <load_address>0x2f3d</load_address>
         <run_address>0x2f3d</run_address>
         <size>0x97</size>
         <input_file_ref idref="fl-d3"/>
      </object_component>
      <object_component id="oc-273">
         <name>.debug_line</name>
         <load_address>0x2fd4</load_address>
         <run_address>0x2fd4</run_address>
         <size>0x93</size>
         <input_file_ref idref="fl-d3"/>
      </object_component>
      <object_component id="oc-dd">
         <name>.debug_line</name>
         <load_address>0x3067</load_address>
         <run_address>0x3067</run_address>
         <size>0x40</size>
         <input_file_ref idref="fl-d4"/>
      </object_component>
      <object_component id="oc-133">
         <name>.debug_line</name>
         <load_address>0x30a7</load_address>
         <run_address>0x30a7</run_address>
         <size>0x3c</size>
         <input_file_ref idref="fl-d6"/>
      </object_component>
      <object_component id="oc-2be">
         <name>.debug_line</name>
         <load_address>0x30e3</load_address>
         <run_address>0x30e3</run_address>
         <size>0x20</size>
         <input_file_ref idref="fl-d8"/>
      </object_component>
      <object_component id="oc-1fb">
         <name>.debug_line</name>
         <load_address>0x3103</load_address>
         <run_address>0x3103</run_address>
         <size>0x67</size>
         <input_file_ref idref="fl-d8"/>
      </object_component>
      <object_component id="oc-29c">
         <name>.debug_line</name>
         <load_address>0x316a</load_address>
         <run_address>0x316a</run_address>
         <size>0x20</size>
         <input_file_ref idref="fl-da"/>
      </object_component>
      <object_component id="oc-19e">
         <name>.debug_line</name>
         <load_address>0x318a</load_address>
         <run_address>0x318a</run_address>
         <size>0x48</size>
         <input_file_ref idref="fl-da"/>
      </object_component>
      <object_component id="oc-2ca">
         <name>.debug_line</name>
         <load_address>0x31d2</load_address>
         <run_address>0x31d2</run_address>
         <size>0x20</size>
         <input_file_ref idref="fl-db"/>
      </object_component>
      <object_component id="oc-235">
         <name>.debug_line</name>
         <load_address>0x31f2</load_address>
         <run_address>0x31f2</run_address>
         <size>0xb0</size>
         <input_file_ref idref="fl-db"/>
      </object_component>
      <object_component id="oc-278">
         <name>.debug_line</name>
         <load_address>0x32a2</load_address>
         <run_address>0x32a2</run_address>
         <size>0x20</size>
         <input_file_ref idref="fl-dc"/>
      </object_component>
      <object_component id="oc-176">
         <name>.debug_line</name>
         <load_address>0x32c2</load_address>
         <run_address>0x32c2</run_address>
         <size>0xae</size>
         <input_file_ref idref="fl-dc"/>
      </object_component>
      <object_component id="oc-2a7">
         <name>.debug_line</name>
         <load_address>0x3370</load_address>
         <run_address>0x3370</run_address>
         <size>0x20</size>
         <input_file_ref idref="fl-dd"/>
      </object_component>
      <object_component id="oc-2a5">
         <name>.debug_line</name>
         <load_address>0x3390</load_address>
         <run_address>0x3390</run_address>
         <size>0x2b</size>
         <input_file_ref idref="fl-dd"/>
      </object_component>
      <object_component id="oc-1ae">
         <name>.debug_line</name>
         <load_address>0x33bb</load_address>
         <run_address>0x33bb</run_address>
         <size>0x40</size>
         <input_file_ref idref="fl-dd"/>
      </object_component>
      <object_component id="oc-2a3">
         <name>.debug_line</name>
         <load_address>0x33fb</load_address>
         <run_address>0x33fb</run_address>
         <size>0x20</size>
         <input_file_ref idref="fl-de"/>
      </object_component>
      <object_component id="oc-1a4">
         <name>.debug_line</name>
         <load_address>0x341b</load_address>
         <run_address>0x341b</run_address>
         <size>0x45</size>
         <input_file_ref idref="fl-de"/>
      </object_component>
      <object_component id="oc-2a0">
         <name>.debug_line</name>
         <load_address>0x3460</load_address>
         <run_address>0x3460</run_address>
         <size>0x9a</size>
         <input_file_ref idref="fl-de"/>
      </object_component>
      <object_component id="oc-23d">
         <name>.debug_line</name>
         <load_address>0x34fa</load_address>
         <run_address>0x34fa</run_address>
         <size>0x91</size>
         <input_file_ref idref="fl-de"/>
      </object_component>
      <object_component id="oc-2c0">
         <name>.debug_line</name>
         <load_address>0x358b</load_address>
         <run_address>0x358b</run_address>
         <size>0x20</size>
         <input_file_ref idref="fl-df"/>
      </object_component>
      <object_component id="oc-228">
         <name>.debug_line</name>
         <load_address>0x35ab</load_address>
         <run_address>0x35ab</run_address>
         <size>0x5e</size>
         <input_file_ref idref="fl-df"/>
      </object_component>
      <object_component id="oc-2c4">
         <name>.debug_line</name>
         <load_address>0x3609</load_address>
         <run_address>0x3609</run_address>
         <size>0x9a</size>
         <input_file_ref idref="fl-df"/>
      </object_component>
      <object_component id="oc-28f">
         <name>.debug_line</name>
         <load_address>0x36a3</load_address>
         <run_address>0x36a3</run_address>
         <size>0x97</size>
         <input_file_ref idref="fl-df"/>
      </object_component>
      <object_component id="oc-2c8">
         <name>.debug_line</name>
         <load_address>0x373a</load_address>
         <run_address>0x373a</run_address>
         <size>0x9b</size>
         <input_file_ref idref="fl-e0"/>
      </object_component>
      <object_component id="oc-22f">
         <name>.debug_line</name>
         <load_address>0x37d5</load_address>
         <run_address>0x37d5</run_address>
         <size>0xa4</size>
         <input_file_ref idref="fl-e0"/>
      </object_component>
      <object_component id="oc-27a">
         <name>.debug_line</name>
         <load_address>0x3879</load_address>
         <run_address>0x3879</run_address>
         <size>0x37</size>
         <input_file_ref idref="fl-e1"/>
      </object_component>
      <object_component id="oc-292">
         <name>.debug_line</name>
         <load_address>0x38b0</load_address>
         <run_address>0x38b0</run_address>
         <size>0x45</size>
         <input_file_ref idref="fl-e2"/>
      </object_component>
      <object_component id="oc-2e">
         <name>.debug_frame</name>
         <load_address>0x0</load_address>
         <run_address>0x0</run_address>
         <size>0x1f4</size>
         <input_file_ref idref="fl-2"/>
      </object_component>
      <object_component id="oc-82">
         <name>.debug_frame</name>
         <load_address>0x1f4</load_address>
         <run_address>0x1f4</run_address>
         <size>0x54</size>
         <input_file_ref idref="fl-3"/>
      </object_component>
      <object_component id="oc-2b">
         <name>.debug_frame</name>
         <load_address>0x248</load_address>
         <run_address>0x248</run_address>
         <size>0x90</size>
         <input_file_ref idref="fl-4"/>
      </object_component>
      <object_component id="oc-7b">
         <name>.debug_frame</name>
         <load_address>0x2d8</load_address>
         <run_address>0x2d8</run_address>
         <size>0xc8</size>
         <input_file_ref idref="fl-5"/>
      </object_component>
      <object_component id="oc-8b">
         <name>.debug_frame</name>
         <load_address>0x3a0</load_address>
         <run_address>0x3a0</run_address>
         <size>0x58</size>
         <input_file_ref idref="fl-6"/>
      </object_component>
      <object_component id="oc-a3">
         <name>.debug_frame</name>
         <load_address>0x3f8</load_address>
         <run_address>0x3f8</run_address>
         <size>0x70</size>
         <input_file_ref idref="fl-c0"/>
      </object_component>
      <object_component id="oc-10c">
         <name>.debug_frame</name>
         <load_address>0x468</load_address>
         <run_address>0x468</run_address>
         <size>0x5c</size>
         <input_file_ref idref="fl-c0"/>
      </object_component>
      <object_component id="oc-111">
         <name>.debug_frame</name>
         <load_address>0x4c4</load_address>
         <run_address>0x4c4</run_address>
         <size>0x54</size>
         <input_file_ref idref="fl-c0"/>
      </object_component>
      <object_component id="oc-52">
         <name>.debug_frame</name>
         <load_address>0x518</load_address>
         <run_address>0x518</run_address>
         <size>0x54</size>
         <input_file_ref idref="fl-c5"/>
      </object_component>
      <object_component id="oc-1c">
         <name>.debug_frame</name>
         <load_address>0x56c</load_address>
         <run_address>0x56c</run_address>
         <size>0x54</size>
         <input_file_ref idref="fl-c6"/>
      </object_component>
      <object_component id="oc-16">
         <name>.debug_frame</name>
         <load_address>0x5c0</load_address>
         <run_address>0x5c0</run_address>
         <size>0x60</size>
         <input_file_ref idref="fl-c7"/>
      </object_component>
      <object_component id="oc-78">
         <name>.debug_frame</name>
         <load_address>0x620</load_address>
         <run_address>0x620</run_address>
         <size>0x5c</size>
         <input_file_ref idref="fl-c8"/>
      </object_component>
      <object_component id="oc-60">
         <name>.debug_frame</name>
         <load_address>0x67c</load_address>
         <run_address>0x67c</run_address>
         <size>0x50</size>
         <input_file_ref idref="fl-ca"/>
      </object_component>
      <object_component id="oc-17f">
         <name>.debug_frame</name>
[...]
         <size>0x0</size>
         <contents>
         </contents>
      </logical_group>
      <load_segment id="lg-302" display="no" color="cyan">
         <name>SEGMENT_0</name>
         <load_address>0x0</load_address>
         <run_address>0x0</run_address>
         <size>0x3cf0</size>
         <flags>0x5</flags>
         <contents>
            <logical_group_ref idref="lg-3"/>
            <logical_group_ref idref="lg-4"/>
            <logical_group_ref idref="lg-5"/>
            <logical_group_ref idref="lg-6"/>
         </contents>
      </load_segment>
      <load_segment id="lg-303" display="no" color="cyan">
         <name>SEGMENT_1</name>
         <run_address>0x20000000</run_address>
         <size>0x1020</size>
         <flags>0x6</flags>
         <contents>
            <logical_group_ref idref="lg-d"/>
            <logical_group_ref idref="lg-b"/>
            <logical_group_ref idref="lg-a"/>
         </contents>
      </load_segment>
   </logical_group_list>
   <placement_map>
      <memory_area display="yes" color="green">
         <name>FLASH</name>
         <page_id>0x0</page_id>
         <origin>0x0</origin>
         <length>0x40000</length>
         <used_space>0x3ced</used_space>
         <unused_space>0x3c313</unused_space>
         <attributes>RX</attributes>
         <usage_details>
            <allocated_space>
               <start_address>0x0</start_address>
               <size>0x26c</size>
               <logical_group_ref idref="lg-3"/>
            </allocated_space>
            <allocated_space>
               <start_address>0x26c</start_address>
               <size>0x3950</size>
               <logical_group_ref idref="lg-4"/>
            </allocated_space>
            <allocated_space>
               <start_address>0x3bbc</start_address>
               <size>0x101</size>
               <logical_group_ref idref="lg-5"/>
            </allocated_space>
            <available_space>
               <start_address>0x3cbd</start_address>
               <size>0x3</size>
            </available_space>
            <allocated_space>
               <start_address>0x3cc0</start_address>
               <size>0x30</size>
               <logical_group_ref idref="lg-6"/>
            </allocated_space>
            <available_space>
               <start_address>0x3cf0</start_address>
               <size>0x3c310</size>
            </available_space>
         </usage_details>
      </memory_area>
      <memory_area display="yes" color="green">
         <name>SRAM</name>
         <page_id>0x0</page_id>
         <origin>0x20000000</origin>
         <length>0x8000</length>
         <used_space>0x1020</used_space>
         <unused_space>0x6fe0</unused_space>
         <attributes>RWX</attributes>
         <usage_details>
            <allocated_space>
               <start_address>0x20000000</start_address>
               <size>0x0</size>
               <logical_group_ref idref="lg-2cd"/>
            </allocated_space>
            <allocated_space>
               <start_address>0x20000000</start_address>
               <size>0x1000</size>
               <logical_group_ref idref="lg-d"/>
            </allocated_space>
            <allocated_space>
               <start_address>0x20001000</start_address>
               <size>0x18</size>
               <logical_group_ref idref="lg-b"/>
            </allocated_space>
            <allocated_space>
               <start_address>0x20001018</start_address>
               <size>0x8</size>
               <logical_group_ref idref="lg-a"/>
            </allocated_space>
            <available_space>
               <start_address>0x20001020</start_address>
               <size>0x6fe0</size>
            </available_space>
         </usage_details>
      </memory_area>
   </placement_map>
   <cptbl_list>
      <cptbl>
         <name>__TI_cinit_table</name>
         <cprec>
            <name>.bss</name>
            <load_address>0x3cd0</load_address>
            <load_size>0x8</load_size>
            <run_address>0x20001000</run_address>
            <run_size>0x18</run_size>
            <compression>zero_init</compression>
         </cprec>
         <cprec>
            <name>.data</name>
            <load_address>0x3cd8</load_address>
            <load_size>0x7</load_size>
            <run_address>0x20001018</run_address>
            <run_size>0x8</run_size>
            <compression>lzss</compression>
         </cprec>
      </cptbl>
   </cptbl_list>
   <handler_table>
      <handler_table_name>__TI_handler_table</handler_table_name>
      <handler>
         <index>0x0</index>
         <name>__TI_decompress_lzss</name>
      </handler>
      <handler>
         <index>0x1</index>
         <name>__TI_decompress_none</name>
      </handler>
      <handler>
         <index>0x2</index>
         <name>__TI_zero_init</name>
      </handler>
   </handler_table>
   <symbol_table>
      <symbol id="sm-1">
         <name>__STACK_TOP</name>
         <value>0x20000200</value>
      </symbol>
      <symbol id="sm-2">
         <name>__start___llvm_prf_cnts</name>
         <value>0x20000000</value>
      </symbol>
      <symbol id="sm-3">
         <name>__stop___llvm_prf_cnts</name>
         <value>0x20000000</value>
      </symbol>
      <symbol id="sm-4">
         <name>__TI_CINIT_Base</name>
         <value>0x3ce0</value>
      </symbol>
      <symbol id="sm-5">
         <name>__TI_CINIT_Limit</name>
         <value>0x3cf0</value>
      </symbol>
      <symbol id="sm-6">
         <name>__TI_Handler_Table_Base</name>
         <value>0x3cc0</value>
      </symbol>
      <symbol id="sm-7">
         <name>__TI_Handler_Table_Limit</name>
         <value>0x3ccc</value>
      </symbol>
      <symbol id="sm-8">
         <name>binit</name>
         <value>0xffffffff</value>
      </symbol>
      <symbol id="sm-9">
         <name>__binit__</name>
         <value>0xffffffff</value>
      </symbol>
      <symbol id="sm-a">
         <name>__STACK_SIZE</name>
         <value>0x1000</value>
      </symbol>
      <symbol id="sm-b">
         <name>__STACK_END</name>
         <value>0x20001000</value>
      </symbol>
      <symbol id="sm-c">
         <name>__c_args__</name>
         <value>0xffffffff</value>
      </symbol>
      <symbol id="sm-d">
         <name>__TI_pprof_out_hndl</name>
         <value>0xffffffff</value>
      </symbol>
      <symbol id="sm-e">
         <name>__TI_prof_data_start</name>
         <value>0xffffffff</value>
      </symbol>
      <symbol id="sm-f">
         <name>__TI_prof_data_size</name>
         <value>0xffffffff</value>
      </symbol>
      <symbol id="sm-163">
         <name>distance</name>
         <value>0x20001000</value>
      </symbol>
      <symbol id="sm-164">
         <name>realDistance</name>
         <value>0x2000100c</value>
      </symbol>
      <symbol id="sm-165">
         <name>wideTimer2Isr</name>
         <value>0x7df</value>
         <object_component_ref idref="oc-2d"/>
      </symbol>
      <symbol id="sm-166">
         <name>strCompare</name>
         <value>0x26d</value>
         <object_component_ref idref="oc-2d"/>
      </symbol>
      <symbol id="sm-167">
         <name>initHw</name>
         <value>0x543</value>
         <object_component_ref idref="oc-2d"/>
      </symbol>
      <symbol id="sm-168">
         <name>setRgbColor</name>
         <value>0x8bd</value>
         <object_component_ref idref="oc-2d"/>
      </symbol>
      <symbol id="sm-169">
         <name>isCommand</name>
         <value>0x447</value>
         <object_component_ref idref="oc-2d"/>
      </symbol>
      <symbol id="sm-16a">
         <name>getFieldString</name>
         <value>0x40b</value>
         <object_component_ref idref="oc-2d"/>
      </symbol>
      <symbol id="sm-16b">
         <name>writeEeprom</name>
         <value>0x931</value>
         <object_component_ref idref="oc-2d"/>
      </symbol>
      <symbol id="sm-16c">
         <name>Timer1Isr</name>
         <value>0x7f5</value>
         <object_component_ref idref="oc-2d"/>
      </symbol>
      <symbol id="sm-16d">
         <name>n</name>
         <value>0x20001018</value>
         <object_component_ref idref="oc-9e"/>
      </symbol>
      <symbol id="sm-16e">
         <name>parseFields</name>
         <value>0x2cb</value>
         <object_component_ref idref="oc-2d"/>
      </symbol>
      <symbol id="sm-16f">
         <name>wideTimer0Isr</name>
         <value>0x7b1</value>
         <object_component_ref idref="oc-2d"/>
      </symbol>
      <symbol id="sm-170">
         <name>getFieldInteger</name>
         <value>0x429</value>
         <object_component_ref idref="oc-2d"/>
      </symbol>
      <symbol id="sm-171">
         <name>main</name>
         <value>0xa7d</value>
         <object_component_ref idref="oc-2d"/>
      </symbol>
      <symbol id="sm-172">
         <name>wideTimer1Isr</name>
         <value>0x7c9</value>
         <object_component_ref idref="oc-2d"/>
      </symbol>
      <symbol id="sm-173">
         <name>enableTimers</name>
         <value>0x69b</value>
         <object_component_ref idref="oc-2d"/>
      </symbol>
      <symbol id="sm-174">
         <name>initEeprom</name>
         <value>0x8f9</value>
         <object_component_ref idref="oc-2d"/>
      </symbol>
      <symbol id="sm-175">
         <name>readEeprom</name>
         <value>0x969</value>
         <object_component_ref idref="oc-2d"/>
      </symbol>
      <symbol id="sm-176">
         <name>disableTimers</name>
         <value>0x77f</value>
         <object_component_ref idref="oc-2d"/>
      </symbol>
      <symbol id="sm-177">
         <name>getsUart0</name>
         <value>0x4bb</value>
         <object_component_ref idref="oc-2d"/>
      </symbol>
      <symbol id="sm-189">
         <name>initSystemClockTo40Mhz</name>
         <value>0x3b79</value>
         <object_component_ref idref="oc-80"/>
      </symbol>
      <symbol id="sm-1a5">
         <name>ResetISR</name>
         <value>0x3b97</value>
         <object_component_ref idref="oc-27"/>
      </symbol>
      <symbol id="sm-1a6">
         <name>g_pfnVectors</name>
         <value>0x0</value>
         <object_component_ref idref="oc-12"/>
      </symbol>
      <symbol id="sm-1cd">
         <name>getcUart0</name>
         <value>0x2ce9</value>
         <object_component_ref idref="oc-7a"/>
      </symbol>
      <symbol id="sm-1ce">
         <name>kbhitUart0</name>
         <value>0x2cfd</value>
         <object_component_ref idref="oc-7a"/>
      </symbol>
      <symbol id="sm-1cf">
         <name>setUart0BaudRate</name>
         <value>0x2c5d</value>
         <object_component_ref idref="oc-7a"/>
      </symbol>
      <symbol id="sm-1d0">
         <name>putsUart0</name>
         <value>0x2cbd</value>
         <object_component_ref idref="oc-7a"/>
      </symbol>
      <symbol id="sm-1d1">
         <name>initUart0</name>
         <value>0x2be9</value>
         <object_component_ref idref="oc-7a"/>
      </symbol>
      <symbol id="sm-1d2">
         <name>putcUart0</name>
         <value>0x2ca1</value>
         <object_component_ref idref="oc-7a"/>
      </symbol>
      <symbol id="sm-1e0">
         <name>waitMicrosecond</name>
         <value>0x3a8f</value>
         <object_component_ref idref="oc-86"/>
      </symbol>
      <symbol id="sm-207">
         <name>sprintf</name>
         <value>0x39ad</value>
         <object_component_ref idref="oc-a1"/>
      </symbol>
      <symbol id="sm-212">
         <name>__aeabi_dmul</name>
         <value>0x31f5</value>
         <object_component_ref idref="oc-91"/>
      </symbol>
      <symbol id="sm-21c">
         <name>__aeabi_d2uiz</name>
         <value>0x3969</value>
         <object_component_ref idref="oc-96"/>
      </symbol>
      <symbol id="sm-237">
         <name>memcpy</name>
         <value>0x33a3</value>
         <object_component_ref idref="oc-41"/>
      </symbol>
      <symbol id="sm-238">
         <name>__aeabi_memcpy</name>
         <value>0x33a3</value>
         <object_component_ref idref="oc-41"/>
      </symbol>
      <symbol id="sm-239">
         <name>__aeabi_memcpy8</name>
         <value>0x33a3</value>
         <object_component_ref idref="oc-41"/>
      </symbol>
      <symbol id="sm-23a">
         <name>__aeabi_memcpy4</name>
         <value>0x33a3</value>
         <object_component_ref idref="oc-41"/>
      </symbol>
      <symbol id="sm-244">
         <name>__aeabi_ui2d</name>
         <value>0x3ab3</value>
         <object_component_ref idref="oc-8c"/>
      </symbol>
      <symbol id="sm-25d">
         <name>__TI_zero_init_nomemset</name>
         <value>0x3ad3</value>
         <object_component_ref idref="oc-4d"/>
      </symbol>
      <symbol id="sm-274">
         <name>__TI_decompress_none</name>
         <value>0x3b89</value>
         <object_component_ref idref="oc-1b"/>
      </symbol>
      <symbol id="sm-297">
         <name>__TI_decompress_lzss</name>
         <value>0x36c9</value>
         <object_component_ref idref="oc-15"/>
      </symbol>
      <symbol id="sm-2ad">
         <name>atoi</name>
         <value>0x3891</value>
         <object_component_ref idref="oc-74"/>
      </symbol>
      <symbol id="sm-2b8">
         <name>_ctypes_</name>
         <value>0x3bbc</value>
         <object_component_ref idref="oc-ec"/>
      </symbol>
      <symbol id="sm-2cb">
         <name>__stack</name>
         <value>0x20000000</value>
         <object_component_ref idref="oc-24"/>
      </symbol>
      <symbol id="sm-2cc">
         <name>_c_int00_noargs</name>
         <value>0x3a2d</value>
         <object_component_ref idref="oc-5f"/>
      </symbol>
      <symbol id="sm-431">
         <name>__TI_printfi</name>
         <value>0x1ba1</value>
         <object_component_ref idref="oc-101"/>
      </symbol>
      <symbol id="sm-448">
         <name>__aeabi_dsub</name>
         <value>0x2a31</value>
         <object_component_ref idref="oc-204"/>
      </symbol>
      <symbol id="sm-449">
         <name>__aeabi_dadd</name>
         <value>0x2a3b</value>
         <object_component_ref idref="oc-204"/>
      </symbol>
      <symbol id="sm-46b">
         <name>__aeabi_cdcmpeq</name>
         <value>0x34d5</value>
         <object_component_ref idref="oc-180"/>
      </symbol>
      <symbol id="sm-46c">
         <name>__aeabi_cdcmple</name>
         <value>0x34d5</value>
         <object_component_ref idref="oc-180"/>
      </symbol>
      <symbol id="sm-46d">
         <name>__aeabi_cdrcmple</name>
         <value>0x355b</value>
         <object_component_ref idref="oc-1ef"/>
      </symbol>
      <symbol id="sm-481">
         <name>__aeabi_ddiv</name>
         <value>0x2e89</value>
         <object_component_ref idref="oc-1ea"/>
      </symbol>
      <symbol id="sm-48b">
         <name>__aeabi_d2iz</name>
         <value>0x38dd</value>
         <object_component_ref idref="oc-1f4"/>
      </symbol>
      <symbol id="sm-495">
         <name>__aeabi_i2d</name>
         <value>0x3a61</value>
         <object_component_ref idref="oc-1ff"/>
      </symbol>
      <symbol id="sm-4a4">
         <name>__aeabi_memset</name>
         <value>0x35e3</value>
         <object_component_ref idref="oc-d4"/>
      </symbol>
      <symbol id="sm-4a5">
         <name>memset</name>
         <value>0x35e9</value>
         <object_component_ref idref="oc-d4"/>
      </symbol>
      <symbol id="sm-4a6">
         <name>__aeabi_memset8</name>
         <value>0x35e3</value>
         <object_component_ref idref="oc-d4"/>
      </symbol>
      <symbol id="sm-4a7">
         <name>__aeabi_memset4</name>
         <value>0x35e3</value>
         <object_component_ref idref="oc-d4"/>
      </symbol>
      <symbol id="sm-4a8">
         <name>__aeabi_memclr8</name>
         <value>0x35e1</value>
         <object_component_ref idref="oc-d4"/>
      </symbol>
      <symbol id="sm-4a9">
         <name>__aeabi_memclr4</name>
         <value>0x35e1</value>
         <object_component_ref idref="oc-d4"/>
      </symbol>
      <symbol id="sm-4aa">
         <name>__aeabi_memclr</name>
         <value>0x35e1</value>
         <object_component_ref idref="oc-d4"/>
      </symbol>
      <symbol id="sm-4b7">
         <name>__aeabi_uldivmod</name>
         <value>0x343f</value>
         <object_component_ref idref="oc-1e3"/>
      </symbol>
      <symbol id="sm-4df">
         <name>__TI_auto_init_nobinit_nopinit</name>
         <value>0x3925</value>
         <object_component_ref idref="oc-13b"/>
      </symbol>
      <symbol id="sm-4e9">
         <name>_system_pre_init</name>
         <value>0x3bb5</value>
         <object_component_ref idref="oc-da"/>
      </symbol>
      <symbol id="sm-4f5">
         <name>C$$EXIT</name>
         <value>0x3bb9</value>
         <object_component_ref idref="oc-12f"/>
      </symbol>
      <symbol id="sm-4f6">
         <name>abort</name>
         <value>0x3bb9</value>
         <object_component_ref idref="oc-12f"/>
      </symbol>
      <symbol id="sm-506">
         <name>__TI_ltoa</name>
         <value>0x37eb</value>
         <object_component_ref idref="oc-1f9"/>
      </symbol>
      <symbol id="sm-517">
         <name>memccpy</name>
         <value>0x3aef</value>
         <object_component_ref idref="oc-19d"/>
      </symbol>
      <symbol id="sm-527">
         <name>strchr</name>
         <value>0x3b3d</value>
         <object_component_ref idref="oc-230"/>
      </symbol>
      <symbol id="sm-535">
         <name>strlen</name>
         <value>0x3b53</value>
         <object_component_ref idref="oc-174"/>
      </symbol>
      <symbol id="sm-54b">
         <name>__aeabi_errno_addr</name>
         <value>0x3bad</value>
         <object_component_ref idref="oc-1a9"/>
      </symbol>
      <symbol id="sm-54c">
         <name>errno</name>
         <value>0x2000101c</value>
         <object_component_ref idref="oc-240"/>
      </symbol>
      <symbol id="sm-565">
         <name>wcslen</name>
         <value>0x3b67</value>
         <object_component_ref idref="oc-1a3"/>
      </symbol>
      <symbol id="sm-585">
         <name>frexpl</name>
         <value>0x3731</value>
         <object_component_ref idref="oc-224"/>
      </symbol>
      <symbol id="sm-586">
         <name>frexp</name>
         <value>0x3731</value>
         <object_component_ref idref="oc-224"/>
      </symbol>
      <symbol id="sm-5a3">
         <name>scalbn</name>
         <value>0x30e5</value>
         <object_component_ref idref="oc-22a"/>
      </symbol>
      <symbol id="sm-5a4">
         <name>scalbnl</name>
         <value>0x30e5</value>
         <object_component_ref idref="oc-22a"/>
      </symbol>
      <symbol id="sm-5a5">
         <name>ldexpl</name>
         <value>0x30e5</value>
         <object_component_ref idref="oc-22a"/>
      </symbol>
      <symbol id="sm-5a6">
         <name>ldexp</name>
         <value>0x30e5</value>
         <object_component_ref idref="oc-22a"/>
      </symbol>
      <symbol id="sm-5b0">
         <name>__aeabi_idiv0</name>
         <value>0x25ef</value>
         <object_component_ref idref="oc-279"/>
      </symbol>
      <symbol id="sm-5b1">
         <name>__aeabi_ldiv0</name>
         <value>0x25ef</value>
         <object_component_ref idref="oc-279"/>
      </symbol>
      <symbol id="sm-5bb">
         <name>copysign</name>
         <value>0x3b0b</value>
         <object_component_ref idref="oc-291"/>
      </symbol>
      <symbol id="sm-5bc">
         <name>copysignl</name>
         <value>0x3b0b</value>
         <object_component_ref idref="oc-291"/>
      </symbol>
      <symbol id="sm-5bd">
         <name>__TI_static_base__</name>
         <value>0x0</value>
      </symbol>
      <symbol id="sm-5c0">
         <name>__mpu_init</name>
         <value>0x0</value>
      </symbol>
      <symbol id="sm-5c1">
         <name>_system_post_cinit</name>
         <value>0x0</value>
      </symbol>
   </symbol_table>
   <title>Link successful</title>
</link_info>
