******************************************************************************
                  TI ARM Linker PC v20.2.7                     
******************************************************************************
>> Linked Sun Apr 30 03:36:10 2023

OUTPUT FILE NAME:   <Embedded 1 Final Project.out>
ENTRY POINT SYMBOL: "_c_int00_noargs"  address: 00003a2d


MEMORY CONFIGURATION

         name            origin    length      used     unused   attr    fill
----------------------  --------  ---------  --------  --------  ----  --------
  FLASH                 00000000   00040000  00003ced  0003c313  R  X
  SRAM                  20000000   00008000  00001020  00006fe0  RW X


SEGMENT ALLOCATION MAP

run origin  load origin   length   init length attrs members
----------  ----------- ---------- ----------- ----- -------
00000000    00000000    00003cf0   00003cf0    r-x
  00000000    00000000    0000026c   0000026c    r-- .intvecs
  0000026c    0000026c    00003950   00003950    r-x .text
  00003bbc    00003bbc    00000101   00000101    r-- .const
  00003cc0    00003cc0    00000030   00000030    r-- .cinit
20000000    20000000    00001020   00000000    rw-
  20000000    20000000    00001000   00000000    rw- .stack
  20001000    20001000    00000018   00000000    rw- .bss
  20001018    20001018    00000008   00000000    rw- .data


SECTION ALLOCATION MAP

 output                                  attributes/
section   page    origin      length       input sections
--------  ----  ----------  ----------   ----------------
.intvecs   0    00000000    0000026c     
                  00000000    0000026c     tm4c123gh6pm_startup_ccs.obj (.intvecs)

.text      0    0000026c    00003950     
                  0000026c    00001934     Lab6_Luc_Pham.obj (.text)
                  00001ba0    00000a4e     rtsv7M4_T_le_v4SPD16_eabi.lib : _printfi.c.obj (.text:__TI_printfi)
                  000025ee    00000002                                   : div0.asm.obj (.text)
                  000025f0    00000270                                   : _printfi.c.obj (.text:_pconv_a)
                  00002860    000001d0                                   : _printfi.c.obj (.text:_pconv_g)
                  00002a30    000001b6                                   : fd_add_t2.asm.obj (.text)
                  00002be6    00000002     --HOLE-- [fill = 0]
                  00002be8    00000164     uart0.obj (.text)
                  00002d4c    0000013c     rtsv7M4_T_le_v4SPD16_eabi.lib : _printfi.c.obj (.text:_pconv_e)
                  00002e88    00000136                                   : fd_div_t2.asm.obj (.text)
                  00002fbe    00000002     --HOLE-- [fill = 0]
                  00002fc0    00000124                                   : _printfi.c.obj (.text:fcvt)
                  000030e4    00000110                                   : s_scalbn.c.obj (.text:scalbn)
                  000031f4    000000fc                                   : fd_mul_t2.asm.obj (.text)
                  000032f0    000000b1                                   : _printfi.c.obj (.text:_ltostr)
                  000033a1    00000001     --HOLE-- [fill = 0]
                  000033a2    0000009c                                   : memcpy_t2.asm.obj (.text)
                  0000343e    00000096                                   : ull_div_t2.asm.obj (.text)
                  000034d4    00000086                                   : fd_cmp_t2.asm.obj (.text:__aeabi_cdcmple)
                  0000355a    00000086                                   : fd_cmp_t2.asm.obj (.text:__aeabi_cdrcmple)
                  000035e0    0000007a                                   : memset_t2.asm.obj (.text)
                  0000365a    0000006e                                   : _printfi.c.obj (.text:_mcpy)
                  000036c8    00000068                                   : copy_decompress_lzss.c.obj (.text:decompress:lzss:__TI_decompress_lzss)
                  00003730    00000064                                   : s_frexp.c.obj (.text:frexp)
                  00003794    00000056                                   : _printfi.c.obj (.text:_pconv_f)
                  000037ea    00000054                                   : _ltoa.c.obj (.text:__TI_ltoa)
                  0000383e    00000052                                   : _printfi.c.obj (.text:_ecpy)
                  00003890    0000004c                                   : atoi.c.obj (.text:atoi)
                  000038dc    00000048                                   : fd_toi_t2.asm.obj (.text)
                  00003924    00000044                                   : autoinit.c.obj (.text:__TI_auto_init_nobinit_nopinit:__TI_auto_init_nobinit_nopinit)
                  00003968    00000044                                   : fd_tou_t2.asm.obj (.text)
                  000039ac    00000040                                   : sprintf.c.obj (.text:sprintf)
                  000039ec    0000003e                                   : _printfi.c.obj (.text:_fcpy)
                  00003a2a    00000002     --HOLE-- [fill = 0]
                  00003a2c    00000034                                   : boot_cortex_m.c.obj (.text:_c_int00_noargs:_c_int00_noargs)
                  00003a60    0000002e                                   : i_tofd_t2.asm.obj (.text)
                  00003a8e    00000024     wait.obj (.text)
                  00003ab2    00000020     rtsv7M4_T_le_v4SPD16_eabi.lib : u_tofd_t2.asm.obj (.text)
                  00003ad2    0000001c                                   : copy_zero_init.c.obj (.text:decompress:ZI:__TI_zero_init_nomemset:__TI_zero_init_nomemset)
                  00003aee    0000001c                                   : memccpy.c.obj (.text:memccpy)
                  00003b0a    0000001a                                   : s_copysign.c.obj (.text:copysign)
                  00003b24    00000018                                   : sprintf.c.obj (.text:_outs)
                  00003b3c    00000016                                   : strchr.c.obj (.text:strchr)
                  00003b52    00000014                                   : strlen.c.obj (.text:strlen)
                  00003b66    00000012                                   : wcslen.c.obj (.text:wcslen)
                  00003b78    00000010     clock.obj (.text)
                  00003b88    0000000e     rtsv7M4_T_le_v4SPD16_eabi.lib : copy_decompress_none.c.obj (.text:decompress:none:__TI_decompress_none)
                  00003b96    0000000c     tm4c123gh6pm_startup_ccs.obj (.text)
                  00003ba2    0000000a     rtsv7M4_T_le_v4SPD16_eabi.lib : sprintf.c.obj (.text:_outc)
                  00003bac    00000008                                   : errno.c.obj (.text:__aeabi_errno_addr)
                  00003bb4    00000004                                   : pre_init.c.obj (.text:_system_pre_init)
                  00003bb8    00000004                                   : exit.c.obj (.text:abort:abort)

.const     0    00003bbc    00000101     
                  00003bbc    00000101     rtsv7M4_T_le_v4SPD16_eabi.lib : ctype.c.obj (.const:.string:_ctypes_)

.cinit     0    00003cc0    00000030     
                  00003cc0    0000000c     (__TI_handler_table)
                  00003ccc    00000004     --HOLE-- [fill = 0]
                  00003cd0    00000008     (.cinit..bss.load) [load image, compression = zero_init]
                  00003cd8    00000007     (.cinit..data.load) [load image, compression = lzss]
                  00003cdf    00000001     --HOLE-- [fill = 0]
                  00003ce0    00000010     (__TI_cinit_table)

.init_array 
*          0    00000000    00000000     UNINITIALIZED

.bss       0    20001000    00000018     UNINITIALIZED
                  20001000    0000000c     (.common:distance)
                  2000100c    0000000c     (.common:realDistance)

.data      0    20001018    00000008     UNINITIALIZED
                  20001018    00000004     Lab6_Luc_Pham.obj (.data)
                  2000101c    00000004     rtsv7M4_T_le_v4SPD16_eabi.lib : errno.c.obj (.data)

.stack     0    20000000    00001000     UNINITIALIZED
                  20000000    00000004     rtsv7M4_T_le_v4SPD16_eabi.lib : boot_cortex_m.c.obj (.stack)
                  20000004    00000ffc     --HOLE--

__llvm_prf_cnts 
*          0    20000000    00000000     UNINITIALIZED

MODULE SUMMARY

       Module                         code    ro data   rw data
       ------                         ----    -------   -------
    .\
       Lab6_Luc_Pham.obj              6452    0         28     
       tm4c123gh6pm_startup_ccs.obj   12      620       0      
       uart0.obj                      356     0         0      
       wait.obj                       36      0         0      
       clock.obj                      16      0         0      
    +--+------------------------------+-------+---------+---------+
       Total:                         6872    620       28     
                                                               
    C:\ti\ccs1220\ccs\tools\compiler\ti-cgt-arm_20.2.7.LTS\lib\rtsv7M4_T_le_v4SPD16_eabi.lib
       _printfi.c.obj                 4851    0         0      
       fd_add_t2.asm.obj              438     0         0      
       fd_div_t2.asm.obj              310     0         0      
       s_scalbn.c.obj                 272     0         0      
       fd_cmp_t2.asm.obj              268     0         0      
       ctype.c.obj                    0       257       0      
       fd_mul_t2.asm.obj              252     0         0      
       memcpy_t2.asm.obj              156     0         0      
       ull_div_t2.asm.obj             150     0         0      
       memset_t2.asm.obj              122     0         0      
       copy_decompress_lzss.c.obj     104     0         0      
       s_frexp.c.obj                  100     0         0      
       sprintf.c.obj                  98      0         0      
       _ltoa.c.obj                    84      0         0      
       atoi.c.obj                     76      0         0      
       fd_toi_t2.asm.obj              72      0         0      
       autoinit.c.obj                 68      0         0      
       fd_tou_t2.asm.obj              68      0         0      
       boot_cortex_m.c.obj            52      0         0      
       i_tofd_t2.asm.obj              46      0         0      
       u_tofd_t2.asm.obj              32      0         0      
       copy_zero_init.c.obj           28      0         0      
       memccpy.c.obj                  28      0         0      
       s_copysign.c.obj               26      0         0      
       strchr.c.obj                   22      0         0      
       strlen.c.obj                   20      0         0      
       wcslen.c.obj                   18      0         0      
       copy_decompress_none.c.obj     14      0         0      
       errno.c.obj                    8       0         4      
       exit.c.obj                     4       0         0      
       pre_init.c.obj                 4       0         0      
       div0.asm.obj                   2       0         0      
    +--+------------------------------+-------+---------+---------+
       Total:                         7793    257       4      
                                                               
       Stack:                         0       0         4096   
       Linker Generated:              0       43        0      
    +--+------------------------------+-------+---------+---------+
       Grand Total:                   14665   920       4128   


LINKER GENERATED COPY TABLES

__TI_cinit_table @ 00003ce0 records: 2, size/record: 8, table size: 16
	.bss: load addr=00003cd0, load size=00000008 bytes, run addr=20001000, run size=00000018 bytes, compression=zero_init
	.data: load addr=00003cd8, load size=00000007 bytes, run addr=20001018, run size=00000008 bytes, compression=lzss


LINKER GENERATED HANDLER TABLE

__TI_handler_table @ 00003cc0 records: 3, size/record: 4, table size: 12
	index: 0, handler: __TI_decompress_lzss
	index: 1, handler: __TI_decompress_none
	index: 2, handler: __TI_zero_init


GLOBAL SYMBOLS: SORTED ALPHABETICALLY BY Name 

address   name                          
-------   ----                          
00003bb9  C$$EXIT                       
00003b97  ResetISR                      
000007f5  Timer1Isr                     
20001000  __STACK_END                   
00001000  __STACK_SIZE                  
20000200  __STACK_TOP                   
00003ce0  __TI_CINIT_Base               
00003cf0  __TI_CINIT_Limit              
00003cc0  __TI_Handler_Table_Base       
00003ccc  __TI_Handler_Table_Limit      
00003925  __TI_auto_init_nobinit_nopinit
000036c9  __TI_decompress_lzss          
00003b89  __TI_decompress_none          
000037eb  __TI_ltoa                     
ffffffff  __TI_pprof_out_hndl           
00001ba1  __TI_printfi                  
ffffffff  __TI_prof_data_size           
ffffffff  __TI_prof_data_start          
00000000  __TI_static_base__            
00003ad3  __TI_zero_init_nomemset       
000034d5  __aeabi_cdcmpeq               
000034d5  __aeabi_cdcmple               
0000355b  __aeabi_cdrcmple              
000038dd  __aeabi_d2iz                  
00003969  __aeabi_d2uiz                 
00002a3b  __aeabi_dadd                  
00002e89  __aeabi_ddiv                  
000031f5  __aeabi_dmul                  
00002a31  __aeabi_dsub                  
00003bad  __aeabi_errno_addr            
00003a61  __aeabi_i2d                   
000025ef  __aeabi_idiv0                 
000025ef  __aeabi_ldiv0                 
000035e1  __aeabi_memclr                
000035e1  __aeabi_memclr4               
000035e1  __aeabi_memclr8               
000033a3  __aeabi_memcpy                
000033a3  __aeabi_memcpy4               
000033a3  __aeabi_memcpy8               
000035e3  __aeabi_memset                
000035e3  __aeabi_memset4               
000035e3  __aeabi_memset8               
00003ab3  __aeabi_ui2d                  
0000343f  __aeabi_uldivmod              
ffffffff  __binit__                     
ffffffff  __c_args__                    
UNDEFED   __mpu_init                    
20000000  __stack                       
20000000  __start___llvm_prf_cnts       
20000000  __stop___llvm_prf_cnts        
00003a2d  _c_int00_noargs               
00003bbc  _ctypes_                      
UNDEFED   _system_post_cinit            
00003bb5  _system_pre_init              
00003bb9  abort                         
00003891  atoi                          
ffffffff  binit                         
00003b0b  copysign                      
00003b0b  copysignl                     
0000077f  disableTimers                 
20001000  distance                      
0000069b  enableTimers                  
2000101c  errno                         
00003731  frexp                         
00003731  frexpl                        
00000000  g_pfnVectors                  
00000429  getFieldInteger               
0000040b  getFieldString                
00002ce9  getcUart0                     
000004bb  getsUart0                     
000008f9  initEeprom                    
00000543  initHw                        
00003b79  initSystemClockTo40Mhz        
00002be9  initUart0                     
00000447  isCommand                     
00002cfd  kbhitUart0                    
000030e5  ldexp                         
000030e5  ldexpl                        
00000a7d  main                          
00003aef  memccpy                       
000033a3  memcpy                        
000035e9  memset                        
20001018  n                             
000002cb  parseFields                   
00002ca1  putcUart0                     
00002cbd  putsUart0                     
00000969  readEeprom                    
2000100c  realDistance                  
000030e5  scalbn                        
000030e5  scalbnl                       
000008bd  setRgbColor                   
00002c5d  setUart0BaudRate              
000039ad  sprintf                       
0000026d  strCompare                    
00003b3d  strchr                        
00003b53  strlen                        
00003a8f  waitMicrosecond               
00003b67  wcslen                        
000007b1  wideTimer0Isr                 
000007c9  wideTimer1Isr                 
000007df  wideTimer2Isr                 
00000931  writeEeprom                   


GLOBAL SYMBOLS: SORTED BY Symbol Address 

address   name                          
-------   ----                          
00000000  __TI_static_base__            
00000000  g_pfnVectors                  
0000026d  strCompare                    
000002cb  parseFields                   
0000040b  getFieldString                
00000429  getFieldInteger               
00000447  isCommand                     
000004bb  getsUart0                     
00000543  initHw                        
0000069b  enableTimers                  
0000077f  disableTimers                 
000007b1  wideTimer0Isr                 
000007c9  wideTimer1Isr                 
000007df  wideTimer2Isr                 
000007f5  Timer1Isr                     
000008bd  setRgbColor                   
000008f9  initEeprom                    
00000931  writeEeprom                   
00000969  readEeprom                    
00000a7d  main                          
00001000  __STACK_SIZE                  
00001ba1  __TI_printfi                  
000025ef  __aeabi_idiv0                 
000025ef  __aeabi_ldiv0                 
00002a31  __aeabi_dsub                  
00002a3b  __aeabi_dadd                  
00002be9  initUart0                     
00002c5d  setUart0BaudRate              
00002ca1  putcUart0                     
00002cbd  putsUart0                     
00002ce9  getcUart0                     
00002cfd  kbhitUart0                    
00002e89  __aeabi_ddiv                  
000030e5  ldexp                         
000030e5  ldexpl                        
000030e5  scalbn                        
000030e5  scalbnl                       
000031f5  __aeabi_dmul                  
000033a3  __aeabi_memcpy                
000033a3  __aeabi_memcpy4               
000033a3  __aeabi_memcpy8               
000033a3  memcpy                        
0000343f  __aeabi_uldivmod              
000034d5  __aeabi_cdcmpeq               
000034d5  __aeabi_cdcmple               
0000355b  __aeabi_cdrcmple              
000035e1  __aeabi_memclr                
000035e1  __aeabi_memclr4               
000035e1  __aeabi_memclr8               
000035e3  __aeabi_memset                
000035e3  __aeabi_memset4               
000035e3  __aeabi_memset8               
000035e9  memset                        
000036c9  __TI_decompress_lzss          
00003731  frexp                         
00003731  frexpl                        
000037eb  __TI_ltoa                     
00003891  atoi                          
000038dd  __aeabi_d2iz                  
00003925  __TI_auto_init_nobinit_nopinit
00003969  __aeabi_d2uiz                 
000039ad  sprintf                       
00003a2d  _c_int00_noargs               
00003a61  __aeabi_i2d                   
00003a8f  waitMicrosecond               
00003ab3  __aeabi_ui2d                  
00003ad3  __TI_zero_init_nomemset       
00003aef  memccpy                       
00003b0b  copysign                      
00003b0b  copysignl                     
00003b3d  strchr                        
00003b53  strlen                        
00003b67  wcslen                        
00003b79  initSystemClockTo40Mhz        
00003b89  __TI_decompress_none          
00003b97  ResetISR                      
00003bad  __aeabi_errno_addr            
00003bb5  _system_pre_init              
00003bb9  C$$EXIT                       
00003bb9  abort                         
00003bbc  _ctypes_                      
00003cc0  __TI_Handler_Table_Base       
00003ccc  __TI_Handler_Table_Limit      
00003ce0  __TI_CINIT_Base               
00003cf0  __TI_CINIT_Limit              
20000000  __stack                       
20000000  __start___llvm_prf_cnts       
20000000  __stop___llvm_prf_cnts        
20000200  __STACK_TOP                   
20001000  __STACK_END                   
20001000  distance                      
2000100c  realDistance                  
20001018  n                             
2000101c  errno                         
ffffffff  __TI_pprof_out_hndl           
ffffffff  __TI_prof_data_size           
ffffffff  __TI_prof_data_start          
ffffffff  __binit__                     
ffffffff  __c_args__                    
ffffffff  binit                         
UNDEFED   __mpu_init                    
UNDEFED   _system_post_cinit            

[102 symbols]
