******************************************************************************
                  TI ARM Linker PC v20.2.7                     
******************************************************************************
>> Linked Tue May  2 14:18:16 2023

OUTPUT FILE NAME:   <Lab 6.out>
ENTRY POINT SYMBOL: "_c_int00_noargs"  address: 00003b41


MEMORY CONFIGURATION

         name            origin    length      used     unused   attr    fill
----------------------  --------  ---------  --------  --------  ----  --------
  FLASH                 00000000   00040000  00003e01  0003c1ff  R  X
  SRAM                  20000000   00008000  00001020  00006fe0  RW X


SEGMENT ALLOCATION MAP

run origin  load origin   length   init length attrs members
----------  ----------- ---------- ----------- ----- -------
00000000    00000000    00003e08   00003e08    r-x
  00000000    00000000    0000026c   0000026c    r-- .intvecs
  0000026c    0000026c    00003a64   00003a64    r-x .text
  00003cd0    00003cd0    00000101   00000101    r-- .const
  00003dd8    00003dd8    00000030   00000030    r-- .cinit
20000000    20000000    00001020   00000000    rw-
  20000000    20000000    00001000   00000000    rw- .stack
  20001000    20001000    00000018   00000000    rw- .bss
  20001018    20001018    00000008   00000000    rw- .data


SECTION ALLOCATION MAP

 output                                  attributes/
section   page    origin      length       input sections
--------  ----  ----------  ----------   ----------------
.intvecs   0    00000000    0000026c     
                  00000000    0000026c     tm4c123gh6pm_startup_ccs.obj (.intvecs)

.text      0    0000026c    00003a64     
                  0000026c    00001a48     Lab6_Luc_Pham.obj (.text)
                  00001cb4    00000a4e     rtsv7M4_T_le_v4SPD16_eabi.lib : _printfi.c.obj (.text:__TI_printfi)
                  00002702    00000002                                   : div0.asm.obj (.text)
                  00002704    00000270                                   : _printfi.c.obj (.text:_pconv_a)
                  00002974    000001d0                                   : _printfi.c.obj (.text:_pconv_g)
                  00002b44    000001b6                                   : fd_add_t2.asm.obj (.text)
                  00002cfa    00000002     --HOLE-- [fill = 0]
                  00002cfc    00000164     uart0.obj (.text)
                  00002e60    0000013c     rtsv7M4_T_le_v4SPD16_eabi.lib : _printfi.c.obj (.text:_pconv_e)
                  00002f9c    00000136                                   : fd_div_t2.asm.obj (.text)
                  000030d2    00000002     --HOLE-- [fill = 0]
                  000030d4    00000124                                   : _printfi.c.obj (.text:fcvt)
                  000031f8    00000110                                   : s_scalbn.c.obj (.text:scalbn)
                  00003308    000000fc                                   : fd_mul_t2.asm.obj (.text)
                  00003404    000000b1                                   : _printfi.c.obj (.text:_ltostr)
                  000034b5    00000001     --HOLE-- [fill = 0]
                  000034b6    0000009c                                   : memcpy_t2.asm.obj (.text)
                  00003552    00000096                                   : ull_div_t2.asm.obj (.text)
                  000035e8    00000086                                   : fd_cmp_t2.asm.obj (.text:__aeabi_cdcmple)
                  0000366e    00000086                                   : fd_cmp_t2.asm.obj (.text:__aeabi_cdrcmple)
                  000036f4    0000007a                                   : memset_t2.asm.obj (.text)
                  0000376e    0000006e                                   : _printfi.c.obj (.text:_mcpy)
                  000037dc    00000068                                   : copy_decompress_lzss.c.obj (.text:decompress:lzss:__TI_decompress_lzss)
                  00003844    00000064                                   : s_frexp.c.obj (.text:frexp)
                  000038a8    00000056                                   : _printfi.c.obj (.text:_pconv_f)
                  000038fe    00000054                                   : _ltoa.c.obj (.text:__TI_ltoa)
                  00003952    00000052                                   : _printfi.c.obj (.text:_ecpy)
                  000039a4    0000004c                                   : atoi.c.obj (.text:atoi)
                  000039f0    00000048                                   : fd_toi_t2.asm.obj (.text)
                  00003a38    00000044                                   : autoinit.c.obj (.text:__TI_auto_init_nobinit_nopinit:__TI_auto_init_nobinit_nopinit)
                  00003a7c    00000044                                   : fd_tou_t2.asm.obj (.text)
                  00003ac0    00000040                                   : sprintf.c.obj (.text:sprintf)
                  00003b00    0000003e                                   : _printfi.c.obj (.text:_fcpy)
                  00003b3e    00000002     --HOLE-- [fill = 0]
                  00003b40    00000034                                   : boot_cortex_m.c.obj (.text:_c_int00_noargs:_c_int00_noargs)
                  00003b74    0000002e                                   : i_tofd_t2.asm.obj (.text)
                  00003ba2    00000024     wait.obj (.text)
                  00003bc6    00000020     rtsv7M4_T_le_v4SPD16_eabi.lib : u_tofd_t2.asm.obj (.text)
                  00003be6    0000001c                                   : copy_zero_init.c.obj (.text:decompress:ZI:__TI_zero_init_nomemset:__TI_zero_init_nomemset)
                  00003c02    0000001c                                   : memccpy.c.obj (.text:memccpy)
                  00003c1e    0000001a                                   : s_copysign.c.obj (.text:copysign)
                  00003c38    00000018                                   : sprintf.c.obj (.text:_outs)
                  00003c50    00000016                                   : strchr.c.obj (.text:strchr)
                  00003c66    00000014                                   : strlen.c.obj (.text:strlen)
                  00003c7a    00000012                                   : wcslen.c.obj (.text:wcslen)
                  00003c8c    00000010     clock.obj (.text)
                  00003c9c    0000000e     rtsv7M4_T_le_v4SPD16_eabi.lib : copy_decompress_none.c.obj (.text:decompress:none:__TI_decompress_none)
                  00003caa    0000000c     tm4c123gh6pm_startup_ccs.obj (.text)
                  00003cb6    0000000a     rtsv7M4_T_le_v4SPD16_eabi.lib : sprintf.c.obj (.text:_outc)
                  00003cc0    00000008                                   : errno.c.obj (.text:__aeabi_errno_addr)
                  00003cc8    00000004                                   : pre_init.c.obj (.text:_system_pre_init)
                  00003ccc    00000004                                   : exit.c.obj (.text:abort:abort)

.const     0    00003cd0    00000101     
                  00003cd0    00000101     rtsv7M4_T_le_v4SPD16_eabi.lib : ctype.c.obj (.const:.string:_ctypes_)

.cinit     0    00003dd8    00000030     
                  00003dd8    0000000c     (__TI_handler_table)
                  00003de4    00000004     --HOLE-- [fill = 0]
                  00003de8    00000008     (.cinit..bss.load) [load image, compression = zero_init]
                  00003df0    00000007     (.cinit..data.load) [load image, compression = lzss]
                  00003df7    00000001     --HOLE-- [fill = 0]
                  00003df8    00000010     (__TI_cinit_table)

.init_array 
*          0    00000000    00000000     UNINITIALIZED

.bss       0    20001000    00000018     UNINITIALIZED
                  20001000    0000000c     (.common:distance)
                  2000100c    0000000c     (.common:realDistance)

.data      0    20001018    00000008     UNINITIALIZED
                  20001018    00000004     Lab6_Luc_Pham.obj (.data)
                  2000101c    00000004     rtsv7M4_T_le_v4SPD16_eabi.lib : errno.c.obj (.data)

.stack     0    20000000    00001000     UNINITIALIZED
                  20000000    00000004     rtsv7M4_T_le_v4SPD16_eabi.lib : boot_cortex_m.c.obj (.stack)
                  20000004    00000ffc     --HOLE--

__llvm_prf_cnts 
*          0    20000000    00000000     UNINITIALIZED

MODULE SUMMARY

       Module                         code    ro data   rw data
       ------                         ----    -------   -------
    .\
       Lab6_Luc_Pham.obj              6728    0         28     
       tm4c123gh6pm_startup_ccs.obj   12      620       0      
       uart0.obj                      356     0         0      
       wait.obj                       36      0         0      
       clock.obj                      16      0         0      
    +--+------------------------------+-------+---------+---------+
       Total:                         7148    620       28     
                                                               
    C:\ti\ccs1220\ccs\tools\compiler\ti-cgt-arm_20.2.7.LTS\lib\rtsv7M4_T_le_v4SPD16_eabi.lib
       _printfi.c.obj                 4851    0         0      
       fd_add_t2.asm.obj              438     0         0      
       fd_div_t2.asm.obj              310     0         0      
       s_scalbn.c.obj                 272     0         0      
       fd_cmp_t2.asm.obj              268     0         0      
       ctype.c.obj                    0       257       0      
       fd_mul_t2.asm.obj              252     0         0      
       memcpy_t2.asm.obj              156     0         0      
       ull_div_t2.asm.obj             150     0         0      
       memset_t2.asm.obj              122     0         0      
       copy_decompress_lzss.c.obj     104     0         0      
       s_frexp.c.obj                  100     0         0      
       sprintf.c.obj                  98      0         0      
       _ltoa.c.obj                    84      0         0      
       atoi.c.obj                     76      0         0      
       fd_toi_t2.asm.obj              72      0         0      
       autoinit.c.obj                 68      0         0      
       fd_tou_t2.asm.obj              68      0         0      
       boot_cortex_m.c.obj            52      0         0      
       i_tofd_t2.asm.obj              46      0         0      
       u_tofd_t2.asm.obj              32      0         0      
       copy_zero_init.c.obj           28      0         0      
       memccpy.c.obj                  28      0         0      
       s_copysign.c.obj               26      0         0      
       strchr.c.obj                   22      0         0      
       strlen.c.obj                   20      0         0      
       wcslen.c.obj                   18      0         0      
       copy_decompress_none.c.obj     14      0         0      
       errno.c.obj                    8       0         4      
       exit.c.obj                     4       0         0      
       pre_init.c.obj                 4       0         0      
       div0.asm.obj                   2       0         0      
    +--+------------------------------+-------+---------+---------+
       Total:                         7793    257       4      
                                                               
       Stack:                         0       0         4096   
       Linker Generated:              0       43        0      
    +--+------------------------------+-------+---------+---------+
       Grand Total:                   14941   920       4128   


LINKER GENERATED COPY TABLES

__TI_cinit_table @ 00003df8 records: 2, size/record: 8, table size: 16
	.bss: load addr=00003de8, load size=00000008 bytes, run addr=20001000, run size=00000018 bytes, compression=zero_init
	.data: load addr=00003df0, load size=00000007 bytes, run addr=20001018, run size=00000008 bytes, compression=lzss


LINKER GENERATED HANDLER TABLE

__TI_handler_table @ 00003dd8 records: 3, size/record: 4, table size: 12
	index: 0, handler: __TI_decompress_lzss
	index: 1, handler: __TI_decompress_none
	index: 2, handler: __TI_zero_init


GLOBAL SYMBOLS: SORTED ALPHABETICALLY BY Name 

address   name                          
-------   ----                          
00003ccd  C$$EXIT                       
00003cab  ResetISR                      
000007f7  Timer1Isr                     
20001000  __STACK_END                   
00001000  __STACK_SIZE                  
20000200  __STACK_TOP                   
00003df8  __TI_CINIT_Base               
00003e08  __TI_CINIT_Limit              
00003dd8  __TI_Handler_Table_Base       
00003de4  __TI_Handler_Table_Limit      
00003a39  __TI_auto_init_nobinit_nopinit
000037dd  __TI_decompress_lzss          
00003c9d  __TI_decompress_none          
000038ff  __TI_ltoa                     
ffffffff  __TI_pprof_out_hndl           
00001cb5  __TI_printfi                  
ffffffff  __TI_prof_data_size           
ffffffff  __TI_prof_data_start          
00000000  __TI_static_base__            
00003be7  __TI_zero_init_nomemset       
000035e9  __aeabi_cdcmpeq               
000035e9  __aeabi_cdcmple               
0000366f  __aeabi_cdrcmple              
000039f1  __aeabi_d2iz                  
00003a7d  __aeabi_d2uiz                 
00002b4f  __aeabi_dadd                  
00002f9d  __aeabi_ddiv                  
00003309  __aeabi_dmul                  
00002b45  __aeabi_dsub                  
00003cc1  __aeabi_errno_addr            
00003b75  __aeabi_i2d                   
00002703  __aeabi_idiv0                 
00002703  __aeabi_ldiv0                 
000036f5  __aeabi_memclr                
000036f5  __aeabi_memclr4               
000036f5  __aeabi_memclr8               
000034b7  __aeabi_memcpy                
000034b7  __aeabi_memcpy4               
000034b7  __aeabi_memcpy8               
000036f7  __aeabi_memset                
000036f7  __aeabi_memset4               
000036f7  __aeabi_memset8               
00003bc7  __aeabi_ui2d                  
00003553  __aeabi_uldivmod              
ffffffff  __binit__                     
ffffffff  __c_args__                    
UNDEFED   __mpu_init                    
20000000  __stack                       
20000000  __start___llvm_prf_cnts       
20000000  __stop___llvm_prf_cnts        
00003b41  _c_int00_noargs               
00003cd0  _ctypes_                      
UNDEFED   _system_post_cinit            
00003cc9  _system_pre_init              
00003ccd  abort                         
000039a5  atoi                          
ffffffff  binit                         
00003c1f  copysign                      
00003c1f  copysignl                     
0000077f  disableTimers                 
20001000  distance                      
0000069b  enableTimers                  
2000101c  errno                         
00003845  frexp                         
00003845  frexpl                        
00000000  g_pfnVectors                  
00000429  getFieldInteger               
0000040b  getFieldString                
00002dfd  getcUart0                     
000004bb  getsUart0                     
000008fd  initEeprom                    
00000543  initHw                        
00003c8d  initSystemClockTo40Mhz        
00002cfd  initUart0                     
00000447  isCommand                     
00002e11  kbhitUart0                    
000031f9  ldexp                         
000031f9  ldexpl                        
00000a81  main                          
00003c03  memccpy                       
000034b7  memcpy                        
000036fd  memset                        
20001018  n                             
000002cb  parseFields                   
00002db5  putcUart0                     
00002dd1  putsUart0                     
00000971  readEeprom                    
2000100c  realDistance                  
000031f9  scalbn                        
000031f9  scalbnl                       
000008bf  setRgbColor                   
00002d71  setUart0BaudRate              
00003ac1  sprintf                       
0000026d  strCompare                    
00003c51  strchr                        
00003c67  strlen                        
00003ba3  waitMicrosecond               
00003c7b  wcslen                        
000007b3  wideTimer0Isr                 
000007cb  wideTimer1Isr                 
000007e1  wideTimer2Isr                 
00000935  writeEeprom                   


GLOBAL SYMBOLS: SORTED BY Symbol Address 

address   name                          
-------   ----                          
00000000  __TI_static_base__            
00000000  g_pfnVectors                  
0000026d  strCompare                    
000002cb  parseFields                   
0000040b  getFieldString                
00000429  getFieldInteger               
00000447  isCommand                     
000004bb  getsUart0                     
00000543  initHw                        
0000069b  enableTimers                  
0000077f  disableTimers                 
000007b3  wideTimer0Isr                 
000007cb  wideTimer1Isr                 
000007e1  wideTimer2Isr                 
000007f7  Timer1Isr                     
000008bf  setRgbColor                   
000008fd  initEeprom                    
00000935  writeEeprom                   
00000971  readEeprom                    
00000a81  main                          
00001000  __STACK_SIZE                  
00001cb5  __TI_printfi                  
00002703  __aeabi_idiv0                 
00002703  __aeabi_ldiv0                 
00002b45  __aeabi_dsub                  
00002b4f  __aeabi_dadd                  
00002cfd  initUart0                     
00002d71  setUart0BaudRate              
00002db5  putcUart0                     
00002dd1  putsUart0                     
00002dfd  getcUart0                     
00002e11  kbhitUart0                    
00002f9d  __aeabi_ddiv                  
000031f9  ldexp                         
000031f9  ldexpl                        
000031f9  scalbn                        
000031f9  scalbnl                       
00003309  __aeabi_dmul                  
000034b7  __aeabi_memcpy                
000034b7  __aeabi_memcpy4               
000034b7  __aeabi_memcpy8               
000034b7  memcpy                        
00003553  __aeabi_uldivmod              
000035e9  __aeabi_cdcmpeq               
000035e9  __aeabi_cdcmple               
0000366f  __aeabi_cdrcmple              
000036f5  __aeabi_memclr                
000036f5  __aeabi_memclr4               
000036f5  __aeabi_memclr8               
000036f7  __aeabi_memset                
000036f7  __aeabi_memset4               
000036f7  __aeabi_memset8               
000036fd  memset                        
000037dd  __TI_decompress_lzss          
00003845  frexp                         
00003845  frexpl                        
000038ff  __TI_ltoa                     
000039a5  atoi                          
000039f1  __aeabi_d2iz                  
00003a39  __TI_auto_init_nobinit_nopinit
00003a7d  __aeabi_d2uiz                 
00003ac1  sprintf                       
00003b41  _c_int00_noargs               
00003b75  __aeabi_i2d                   
00003ba3  waitMicrosecond               
00003bc7  __aeabi_ui2d                  
00003be7  __TI_zero_init_nomemset       
00003c03  memccpy                       
00003c1f  copysign                      
00003c1f  copysignl                     
00003c51  strchr                        
00003c67  strlen                        
00003c7b  wcslen                        
00003c8d  initSystemClockTo40Mhz        
00003c9d  __TI_decompress_none          
00003cab  ResetISR                      
00003cc1  __aeabi_errno_addr            
00003cc9  _system_pre_init              
00003ccd  C$$EXIT                       
00003ccd  abort                         
00003cd0  _ctypes_                      
00003dd8  __TI_Handler_Table_Base       
00003de4  __TI_Handler_Table_Limit      
00003df8  __TI_CINIT_Base               
00003e08  __TI_CINIT_Limit              
20000000  __stack                       
20000000  __start___llvm_prf_cnts       
20000000  __stop___llvm_prf_cnts        
20000200  __STACK_TOP                   
20001000  __STACK_END                   
20001000  distance                      
2000100c  realDistance                  
20001018  n                             
2000101c  errno                         
ffffffff  __TI_pprof_out_hndl           
ffffffff  __TI_prof_data_size           
ffffffff  __TI_prof_data_start          
ffffffff  __binit__                     
ffffffff  __c_args__                    
ffffffff  binit                         
UNDEFED   __mpu_init                    
UNDEFED   _system_post_cinit            

[102 symbols]
